
Memory Configuration

Name             Origin             Length             Attributes
*default*        0x00000000         0xffffffff

Linker script and memory map

LOAD obj/0Start.o
LOAD obj/Interrupts.o
LOAD obj/main.o
                0x00100000                . = 0x100000

.text           0x00100000     0xa3c4
                0x00100000                _KERNEL_START = .
 *(.text)
 .text          0x00100000      0x1cf obj/0Start.o
                0x0010001c                system_halt
                0x00100020                _realmode_begin
                0x00100004                Mboot
                0x001001cf                _realmode_end
 *fill*         0x001001cf        0x1 00
 .text          0x001001d0     0x1214 obj/Interrupts.o
                0x00100fe4                _INTERRUPT_TAB@0
 .text          0x001013e4     0x8fe0 obj/main.o
                0x00108634                __ZN15THREADSCHEDULER17SETTHREADREALTIMEEP6THREADm@12
                0x00102694                _GET_RTC_UPDATE_IN_PROGRESS_FLAG@0
                0x00102de4                __ZN11VIRTCONSOLE8ACTIVATEEv@4
                0x00109c74                __ZN11IPCENDPOINT10CREATENAMEEPhP6THREADmm@16
                0x00102614                _PIC_INIT@0
                0x00109e74                __ZN11IPCENDPOINTD1Ev
                0x00108354                __ZN11THREADQUEUE10RTCDEQUEUEEv@4
                0x00109a24                __ZN14USERMODEDEVICE4FINDEPh@4
                0x00103f84                _STRLASTINDEXOF@8
                0x00103cf4                _STRTRIM@4
                0x00106474                _IRQ_ENABLE@4
                0x00105fd4                _KALLOC@4
                0x001045d4                _STRCAT@8
                0x00103774                _CONSOLECLEAR@0
                0x00101d04                _VMM_KERNEL_AUTOMAP@12
                0x00107004                __ZN7PROCESSD1Ev
                0x00107d54                _KERNEL_IDLE@4
                0x00107ce4                __ZN6THREAD11INITMANAGEREv@0
                0x00103c14                _STRLEN@4
                0x001073b4                __ZN7PROCESS9DOLOADELFEv@4
                0x00103c54                _STRWLEN@4
                0x00109b24                _IPC_INIT@0
                0x00107d34                __ZN6THREAD5READYEv@0
                0x00109654                _XAPPSIGNAL2PARAMETERS@16
                0x00102ec4                __ZN11VIRTCONSOLE7PRINTOKEv@4
                0x00104054                _STRNCMP@12
                0x00107204                __ZN7PROCESS13CREATECONSOLEEv@4
                0x00103ca4                _STRDLEN@4
                0x00103334                __ZN11VIRTCONSOLE9WRITELINEEPh@8
                0x00105ee4                __ZN4SLAB11ISVALIDADDREPv@8
                0x00107124                __ZN7PROCESS16FINDADDRESSSPACEEm@8
                0x001096d4                _XAPPSIGNAL6PARAMETERS@32
                0x00107944                __ZN7PROCESS16REQUESTTERMINATEEPS_@4
                0x00101a94                _GDT_CREATE_SEG@16
                0x00108044                __ZN6THREAD6CREATEEP7PROCESSm@8
                0x00105804                _PMM_STRIPE@8
                0x001018f4                _GDT_DELETE@4
                0x00103a84                _SQRT@8
                0x00109bc4                __ZN11IPCENDPOINT10FINDBYNAMEEPh@4
                0x00103674                _CONSOLEWRITESIGNED@4
                0x00109814                __ZN9SEMAPHORED1Ev
                0x00106554                _IRQ_ATTACH_HANDLER@8
                0x00105284                _ATOF@4
                0x00105654                _PMM_GET_FREEPAGES_COUNT@0
                0x001016b4                _DOREALMODEACTIONREG@32
                0x00104b94                _ULONGTOSTR@8
                0x00109984                _UDEV_INIT@0
                0x001070b4                __ZN7PROCESS18CREATEADDRESSSPACEEm@8
                0x00104154                _STRWCMP@8
                0x00101e74                __ZN10VMMCONTEXT10INITIALIZEEv@4
                0x00106e84                __ZN7PROCESSC1Ev
                0x00103ea4                _STRINDEXOF@8
                0x00102e04                __ZN11VIRTCONSOLE7PUTCHAREa@8
                0x001086f4                __ZN15THREADSCHEDULER8SCHEDULEEv@4
                0x00102d04                _CONSOLEINIT@0
                0x00103584                _CONSOLEWRITETEXTANDHEX@12
                0x001084e4                __ZN15THREADSCHEDULER12REMOVETHREADEP6THREAD@8
                0x001022a4                __ZN10VMMCONTEXT8MAP_PAGEEPvS0_m@16
                0x001020a4                __ZN10VMMCONTEXT14FREE_PAGETABLEEPm@8
                0x00103bd4                _FSIN@4
                0x00108954                _SYSCALL30HANDLER@4
                0x00103544                _CONSOLESETBACKGROUND@4
                0x001086c4                __ZN15THREADSCHEDULER14SETTHREADREADYEP6THREAD@8
                0x001059e4                _SLABINIT@0
                0x00105f44                _KMM_ALLOCPAGE@0
                0x00106624                _PANICEXCEPTION@8
                0x00107c94                _ENTERCRITICAL@0
                0x00105c74                __ZN4SLABD1Ev
                0x00101ca4                _VMM_EXIT@0
                0x001026d4                _GET_RTC_REGISTER@4
                0x00105544                _ATOLHEX@4
                0x00104d74                _UINTTOSTR@8
                0x00103564                _CONSOLEWRITELINE@4
                0x00107df4                __ZN6THREADD1Ev
                0x00107cd4                _THREADSLEEP@0
                0x00106bb4                _VESAPROBE@0
                0x00106b14                _VESAGETMODEINFO@4
                0x00105624                _ABSOLUTE@4
                0x0010a224                _IPCSEND@40
                0x00101584                _DOREALMODEACTION@4
                0x00102494                __ZN10VMMCONTEXT10UNMAP_PAGEEPv@8
                0x001013e4                _MAIN@4
                0x00105c14                __ZN12SLABMETADATA11ISVALIDADDREPv@8
                0x00104f54                _STRCPY@8
                0x00101bc4                _VMM_INIT@0
                0x00101d44                _VMM_KERNEL_UNMAP@8
                0x00107ea4                __ZN6THREAD9CREATESYSEPFvPvE@4
                0x00105f84                _KMM_FREEPAGE@4
                0x001040c4                _STRCMP@8
                0x00104fb4                _memcpy
                0x00103784                _CONSOLEUPDATECURSOR@0
                0x00109d94                __ZN11IPCENDPOINT12CREATECOMMONEPS_P6THREADmm@16
                0x001050f4                _memset
                0x00107864                __ZN7PROCESS6CREATEEP17EXECUTABLE_HEADERmPh@12
                0x00105384                _ATOIHEX@4
                0x00107d74                _INT20HANDLER@4
                0x00109c34                __ZN11IPCENDPOINT5NEWIDEv@0
                0x001014c4                _KERNEL_ERROR@8
                0x00106d24                _VESASETMODE@4
                0x001036b4                _CONSOLEWRITEUNUMBER@8
                0x00109b64                __ZN11IPCENDPOINT8FINDBYIDEm@4
                0x00105974                _GETSMALLESTPOWEROFTWOO@4
                0x001082b4                __ZN11THREADQUEUE11ENQUEUETAILEP6THREAD@8
                0x001024b4                __ZN10VMMCONTEXT11UNMAP_RANGEEPvm@12
                0x001062f4                _INT_HANDLER@4
                0x00105134                _MEMSET32@12
                0x00104fd4                _MEMCPY16@12
                0x00102204                __ZN10VMMCONTEXT7AUTOMAPEPvmmmm@24
                0x00101b14                _LDT_SET_GATE@20
                0x00101fe4                __ZN10VMMCONTEXT13GET_PAGETABLEEm@8
                0x00108254                __ZN11THREADQUEUEC1Ev
                0x00109fc4                __ZN11IPCENDPOINT7DEQUEUEEv@4
                0x00105e54                __ZN4SLAB4FREEEPv@8
                0x001064e4                _IRQ_DISABLE@4
                0x001020d4                __ZN10VMMCONTEXT15FIND_FREE_PAGESEmmm@16
                0x00106e64                __ZN7PROCESS10INITENGINEEv@0
                0x001061c4                _INTERRUPTSMANAGER_INIT@0
                0x00109f74                __ZN11IPCENDPOINT7ENQUEUEEP10IPCMESSAGE@8
                0x0010a024                __ZN11IPCENDPOINT14PROCESSRECEIVEEv@4
                0x00101ae4                _GDT_SET_GATE@20
                0x00106024                __ZN9IRQ_STACK4DUMPEv@4
                0x00106594                _IRQ_SEND_ACK@4
                0x00103b94                _FCOS@4
                0x00104284                _STRTOUPPER@4
                0x00106574                _IRQ_DETACH_HANDLER@4
                0x00103b44                _DSIN@8
                0x00105154                _ATOI@4
                0x001081e4                __ZN6THREAD6DOWAITEP9IRQ_STACK@8
                0x00103af4                _DCOS@8
                0x00105854                _PMM_ALLOCPAGE@0
                0x00103714                _CONSOLEPRINTOK@0
                0x00107bf4                __ZN17ADDRESSSPACEENTRY8COPYFROMEPvm@12
                0x00108464                __ZN15THREADSCHEDULERC1Ev
                0x00102424                __ZN10VMMCONTEXT9MAP_RANGEEPvS0_S0_m@20
                0x0010a1c4                _IPCSENDBODY@12
                0x00103794                _MODULES_INIT@4
                0x00101534                _REALMODE_INIT@0
                0x001046a4                _FTOA@12
                0x00101ce4                _VMM_GET_CURRENT_CONTEXT@0
                0x00107914                __ZN7PROCESS9ADDTHREADEPv@8
                0x00105a54                __ZN12SLABMETADATA6KALLOCEm@8
                0x00109554                _SYSCALL31HANDLER@4
                0x00109924                __ZN9SEMAPHORE9SEMUNLOCKEP6THREAD@8
                0x001048b4                _FLOATTOSTR@4
                0x00107b34                __ZN17ADDRESSSPACEENTRYD1Ev
                0x00102834                _GETTIMEBCD@0
                0x001043d4                _STRTOLOWER@4
                0x00102db4                __ZN11VIRTCONSOLED1Ev
                0x00105ca4                __ZN4SLAB4INITEt@8
                0x00103924                _MODULES_PRE_INIT@4
                0x00104a24                _DOUBLETOSTR@8
                0x001035b4                _CONSOLEWRITETEXTANDDEC@12
                0x00104494                _SUBSTRING@12
                0x001025a4                _SET_TIMER_FREQ@4
                0x00102ca4                __ZN8SPINLOCK7ACQUIREEv@4
                0x00103524                _CONSOLESETFOREGROUND@4
                0x00105114                _MEMSET16@12
                0x001082f4                __ZN11THREADQUEUE7DEQUEUEEv@4
                0x00101f44                __ZN10VMMCONTEXT4SYNCEv@4
                0x00103724                _CONSOLEPRINTFAIL@0
                0x00104564                _STRENDSWITH@8
                0x001041f4                _STRREV@4
                0x00105d94                __ZN4SLAB5ALLOCEm@8
                0x00105674                _PMM_INIT@4
                0x00102714                _GETDATEBCD@0
                0x00104e54                _INTTOSTR@8
                0x00101824                _GDT_FIND_FREE@0
                0x001075c4                __ZN7PROCESS14PARSEARGUMENTSEv@4
                0x00102ce4                __ZN8SPINLOCK7RELEASEEv@4
                0x00109994                __ZN14USERMODEDEVICE6CREATEEPhP6THREADmm@16
                0x001030b4                __ZN11VIRTCONSOLE9PRINTFAILEv@4
                0x00104344                _STRTOLOWERFIX@4
                0x00103444                __ZN11VIRTCONSOLE7NEWLINEEv@4
                0x00105b54                __ZN12SLABMETADATA5KFREEEPv@8
                0x00106004                _KFREE@4
                0x00105074                _MEMCPY64@12
                0x001036d4                _CONSOLEWRITENUMBER@8
                0x00107cb4                _EXITCRITICAL@0
                0x00109874                __ZN9SEMAPHORE7SEMLOCKEP6THREAD@8
                0x00106714                _EXCEPTIONHANDLER@4
                0x00107294                __ZN7PROCESS11FREECONSOLEEv@4
                0x00108524                __ZN15THREADSCHEDULER6SWITCHEP9IRQ_STACKP6THREAD@12
                0x00103764                _CONSOLENEWLINE@0
                0x00107994                __ZN7PROCESS9TERMINATEEPS_@4
                0x001036f4                _CONSOLEPUTCHAR@4
                0x00105464                _ATOL@4
                0x00109a84                __ZN14USERMODEDEVICE6INVOKEEmP6THREADmmmm@24
                0x001083c4                __ZN11THREADQUEUE6REMOVEEP6THREAD@8
                0x00108284                __ZN11THREADQUEUE11ENQUEUEHEADEP6THREAD@8
                0x001032b4                __ZN11VIRTCONSOLE9BACKSPACEEv@4
                0x00103734                _CONSOLEBACKSPACE@0
                0x00109794                __ZN9SEMAPHOREC1Ev
                0x00108804                _NEXTRANDOMNUMBER@8
                0x00107174                __ZN7PROCESS18REMOVEADDRESSSPACEEm@8
                0x001074e4                __ZN7PROCESS6DOLOADEv@4
                0x00103474                __ZN11VIRTCONSOLE6SCROLLEv@4
                0x00104c74                _LONGTOSTR@8
                0x00109cf4                __ZN11IPCENDPOINT8CREATEIDEmP6THREADmm@16
                0x001035e4                _CONSOLEWRITETEXTANDSIZE@12
                0x001034d4                __ZN11VIRTCONSOLE5CLEAREv@4
                0x00106aa4                _VESAGETINFO@0
                0x001065b4                _IRQ_THREAD_TERMINATED@4
                0x00105014                _MEMCPY512@12
                0x00109e34                __ZN10IPCMESSAGED1Ev
                0x00108694                __ZN15THREADSCHEDULER17SETTHREADREADYNOWEP6THREAD@8
                0x001058e4                _PMM_FREEPAGE@4
                0x00104ff4                _MEMCPY32@12
                0x001081c4                __ZN6THREAD9ADDTOLISTEv@4
                0x00101944                _GDT_INIT@0
                0x00102504                __ZN10VMMCONTEXT7RESOLVEEPv@8
                0x00106e44                _VESARESETSCREEN@0
                0x00103354                __ZN11VIRTCONSOLE5WRITEEPh@8
                0x00101d74                _VMM_INIT_LOCAL@0
                0x00107a24                __ZN17ADDRESSSPACEENTRY4SBRKEm@8
                0x00102c84                __ZN8SPINLOCK4INITEv@4
                0x00102c04                _PIC_IS_SPURIOUS@4
                0x00102674                _MASK_IRQ@0
                0x00102654                _UNMASK_IRQ@0
                0x00106294                _SET_IDT@12
                0x00101f94                __ZN10VMMCONTEXT8ACTIVATEEv@4
                0x00103744                _CONSOLEWRITE@4
                0x00101e04                __ZN10VMMCONTEXTD1Ev
                0x00101724                _INIT_KTSS@0
                0x00107344                __ZN7PROCESS10DOLOADFLATEv@4
                0x00102914                _READ_RTC@0
                0x00103e84                _STRCONTAINS@8

.rodata
 *(.rodata)

.data           0x0010b000      0x718
 *(.data)
 .data          0x0010b000      0x718 obj/main.o

.ctors          0x0010b718        0x8
 .ctors         0x0010b718        0x8 obj/main.o

.dtors          0x0010b720        0x4
 .dtors         0x0010b720        0x4 obj/main.o

.bss            0x0010b724   0x2029a0
                0x0010b724                SBSS = .
 *(COMMON)
 *(.bss)
 .bss           0x0010b724   0x100000 obj/0Start.o
 .bss           0x0020b724   0x1029a0 obj/main.o
                0x0030e0c4                EBSS = .
                0x0030e0c4                _KERNEL_END = .
OUTPUT(bin/kernel.elf elf32-i386)

.rel.dyn        0x0030e0c4        0x0
 .rel.text      0x00000000        0x0 obj/0Start.o
