
Memory Configuration

Name             Origin             Length             Attributes
*default*        0x00000000         0xffffffff

Linker script and memory map

LOAD obj/Interrupts.o
LOAD obj/start.o
LOAD obj/main.o
                0x00100000                . = 0x100000

.text           0x00100000     0x96a4
                0x00100000                _KERNEL_START = .
 *(.text)
 .text          0x00100000      0x424 obj/Interrupts.o
                0x00100320                _INTERRUPT_TAB@0
 .text          0x00100424      0x1cf obj/start.o
                0x00100440                system_halt
                0x00100444                _realmode_begin
                0x00100428                Mboot
                0x001005f3                _realmode_end
 *fill*         0x001005f3        0x1 00
 .text          0x001005f4     0x90b0 obj/main.o
                0x00107944                __ZN15THREADSCHEDULER17SETTHREADREALTIMEEP6THREADm@12
                0x00101844                _GET_RTC_UPDATE_IN_PROGRESS_FLAG@0
                0x00101f94                __ZN11VIRTCONSOLE8ACTIVATEEv@4
                0x00108f74                __ZN11IPCENDPOINT10CREATENAMEEPhP6THREADmm@16
                0x001017c4                _PIC_INIT@0
                0x00109174                __ZN11IPCENDPOINTD1Ev
                0x00107654                __ZN11THREADQUEUE10RTCDEQUEUEEv@4
                0x00108d24                __ZN14USERMODEDEVICE4FINDEPh@4
                0x00103134                _STRLASTINDEXOF@8
                0x00102ea4                _STRTRIM@4
                0x00105c84                _IRQ_ENABLE@4
                0x00105064                _KALLOC@4
                0x00103774                _STRCAT@8
                0x00102924                _CONSOLECLEAR@0
                0x00100f14                _VMM_KERNEL_AUTOMAP@12
                0x001063a4                __ZN7PROCESSD1Ev
                0x00107014                _KERNEL_IDLE@4
                0x00106fa4                __ZN6THREAD11INITMANAGEREv@0
                0x00102dc4                _STRLEN@4
                0x00106664                __ZN7PROCESS9DOLOADELFEv@4
                0x00102e04                _STRWLEN@4
                0x00108e24                _IPC_INIT@0
                0x00106ff4                __ZN6THREAD5READYEv@0
                0x00108954                _XAPPSIGNAL2PARAMETERS@16
                0x00102074                __ZN11VIRTCONSOLE7PRINTOKEv@4
                0x00103204                _STRNCMP@12
                0x001064b4                __ZN7PROCESS13CREATECONSOLEEv@4
                0x00102e54                _STRDLEN@4
                0x001024e4                __ZN11VIRTCONSOLE9WRITELINEEPh@8
                0x00104f74                __ZN4SLAB11ISVALIDADDREPv@8
                0x001089d4                _XAPPSIGNAL6PARAMETERS@32
                0x00106c04                __ZN7PROCESS16REQUESTTERMINATEEPS_@4
                0x00100ca4                _GDT_CREATE_SEG@16
                0x00107304                __ZN6THREAD6CREATEEP7PROCESSm@8
                0x001049a4                _PMM_STRIPE@8
                0x00100b04                _GDT_DELETE@4
                0x00102c34                _SQRT@8
                0x00108ec4                __ZN11IPCENDPOINT10FINDBYNAMEEPh@4
                0x00102824                _CONSOLEWRITESIGNED@4
                0x00108b14                __ZN9SEMAPHORED1Ev
                0x00105d64                _IRQ_ATTACH_HANDLER@8
                0x00104424                _ATOF@4
                0x001047f4                _PMM_GET_FREEPAGES_COUNT@0
                0x001008c4                _DOREALMODEACTIONREG@32
                0x00103d34                _ULONGTOSTR@8
                0x00108c84                _UDEV_INIT@0
                0x00106454                __ZN7PROCESS18CREATEADDRESSSPACEEm@8
                0x00103304                _STRWCMP@8
                0x00101094                __ZN10VMMCONTEXT10INITIALIZEEv@4
                0x00106214                __ZN7PROCESSC1Ev
                0x00103054                _STRINDEXOF@8
                0x00101fb4                __ZN11VIRTCONSOLE7PUTCHAREa@8
                0x00107a34                __ZN15THREADSCHEDULER8SCHEDULEEv@4
                0x00101eb4                _CONSOLEINIT@0
                0x00102734                _CONSOLEWRITETEXTANDHEX@12
                0x001077f4                __ZN15THREADSCHEDULER12REMOVETHREADEP6THREAD@8
                0x001014c4                __ZN10VMMCONTEXT8MAP_PAGEEPvS0_m@16
                0x001012c4                __ZN10VMMCONTEXT14FREE_PAGETABLEEPm@8
                0x00102d84                _FSIN@4
                0x00107c94                _SYSCALL30HANDLER@4
                0x001026f4                _CONSOLESETBACKGROUND@4
                0x001079d4                __ZN15THREADSCHEDULER14SETTHREADREADYEP6THREAD@8
                0x00104b84                _SLABINIT@0
                0x00104fd4                _KMM_ALLOCPAGE@0
                0x00106f54                _ENTERCRITICAL@0
                0x00100eb4                _VMM_EXIT@0
                0x00101884                _GET_RTC_REGISTER@4
                0x001046e4                _ATOLHEX@4
                0x00103f14                _UINTTOSTR@8
                0x00102714                _CONSOLEWRITELINE@4
                0x00105c64                _DEFAULTIRQHANDLER@4
                0x001070b4                __ZN6THREADD1Ev
                0x00106f94                _THREADSLEEP@0
                0x00105f44                _VESAPROBE@0
                0x00105ea4                _VESAGETMODEINFO@4
                0x001047c4                _ABSOLUTE@4
                0x00109524                _IPCSEND@40
                0x00100794                _DOREALMODEACTION@4
                0x00101644                __ZN10VMMCONTEXT10UNMAP_PAGEEPv@8
                0x001005f4                _MAIN@4
                0x00104d14                __ZN12SLABMETADATA11ISVALIDADDREPv@8
                0x001040f4                _STRCPY@8
                0x00100dd4                _VMM_INIT@0
                0x00100f54                _VMM_KERNEL_UNMAP@8
                0x00107164                __ZN6THREAD9CREATESYSEPFvPvE@4
                0x00105014                _KMM_FREEPAGE@4
                0x00103274                _STRCMP@8
                0x00104154                _memcpy
                0x00102934                _CONSOLEUPDATECURSOR@0
                0x00109094                __ZN11IPCENDPOINT12CREATECOMMONEPS_P6THREADmm@16
                0x00104294                _memset
                0x00106b24                __ZN7PROCESS6CREATEEP17EXECUTABLE_HEADERmPh@12
                0x00104524                _ATOIHEX@4
                0x00107034                _INT20HANDLER@4
                0x00108f34                __ZN11IPCENDPOINT5NEWIDEv@0
                0x001006d4                _KERNEL_ERROR@8
                0x001060b4                _VESASETMODE@4
                0x00102864                _CONSOLEWRITEUNUMBER@8
                0x00108e64                __ZN11IPCENDPOINT8FINDBYIDEm@4
                0x00104b14                _GETSMALLESTPOWEROFTWOO@4
                0x001075a4                __ZN11THREADQUEUE11ENQUEUETAILEP6THREAD@8
                0x00101664                __ZN10VMMCONTEXT11UNMAP_RANGEEPvm@12
                0x00105384                _INT_HANDLER@4
                0x001042d4                _MEMSET32@12
                0x00104174                _MEMCPY16@12
                0x00101424                __ZN10VMMCONTEXT7AUTOMAPEPvmmmm@24
                0x00100d24                _LDT_SET_GATE@20
                0x00101204                __ZN10VMMCONTEXT13GET_PAGETABLEEm@8
                0x00107514                __ZN11THREADQUEUEC1Ev
                0x001092c4                __ZN11IPCENDPOINT7DEQUEUEEv@4
                0x00104f04                __ZN4SLAB4FREEEPv@8
                0x00105cf4                _IRQ_DISABLE@4
                0x001012f4                __ZN10VMMCONTEXT15FIND_FREE_PAGESEmmm@16
                0x001061f4                __ZN7PROCESS10INITENGINEEv@0
                0x00105254                _INTERRUPTSMANAGER_INIT@0
                0x00109274                __ZN11IPCENDPOINT7ENQUEUEEP10IPCMESSAGE@8
                0x00109324                __ZN11IPCENDPOINT14PROCESSRECEIVEEv@4
                0x00100cf4                _GDT_SET_GATE@20
                0x001050b4                __ZN9IRQ_STACK4DUMPEv@4
                0x00105da4                _IRQ_SEND_ACK@4
                0x00102d44                _FCOS@4
                0x00103434                _STRTOUPPER@4
                0x00105d84                _IRQ_DETACH_HANDLER@4
                0x00102cf4                _DSIN@8
                0x001042f4                _ATOI@4
                0x001074a4                __ZN6THREAD6DOWAITEP9IRQ_STACK@8
                0x00102ca4                _DCOS@8
                0x001049f4                _PMM_ALLOCPAGE@0
                0x001028c4                _CONSOLEPRINTOK@0
                0x00106eb4                __ZN17ADDRESSSPACEENTRY8COPYFROMEPvm@12
                0x00107774                __ZN15THREADSCHEDULERC1Ev
                0x001015d4                __ZN10VMMCONTEXT9MAP_RANGEEPvS0_S0_m@20
                0x00107a04                __ZN15THREADSCHEDULER11THREADCOUNTEv@4
                0x001094c4                _IPCSENDBODY@12
                0x00102944                _MODULES_INIT@4
                0x00100744                _REALMODE_INIT@0
                0x00103844                _FTOA@12
                0x00100ef4                _VMM_GET_CURRENT_CONTEXT@0
                0x00106bd4                __ZN7PROCESS9ADDTHREADEPv@8
                0x00104be4                __ZN12SLABMETADATA6KALLOCEm@8
                0x00108854                _SYSCALL31HANDLER@4
                0x00108c24                __ZN9SEMAPHORE9SEMUNLOCKEP6THREAD@8
                0x00103a54                _FLOATTOSTR@4
                0x00106df4                __ZN17ADDRESSSPACEENTRYD1Ev
                0x001019e4                _GETTIMEBCD@0
                0x00103584                _STRTOLOWER@4
                0x00101f64                __ZN11VIRTCONSOLED1Ev
                0x00104d74                __ZN4SLAB4INITEt@8
                0x00102ad4                _MODULES_PRE_INIT@4
                0x00103bc4                _DOUBLETOSTR@8
                0x00102764                _CONSOLEWRITETEXTANDDEC@12
                0x00103644                _SUBSTRING@12
                0x00101754                _SET_TIMER_FREQ@4
                0x00101e54                __ZN8SPINLOCK7ACQUIREEv@4
                0x001026d4                _CONSOLESETFOREGROUND@4
                0x001042b4                _MEMSET16@12
                0x001075f4                __ZN11THREADQUEUE7DEQUEUEEv@4
                0x00101164                __ZN10VMMCONTEXT4SYNCEv@4
                0x001028d4                _CONSOLEPRINTFAIL@0
                0x00103714                _STRENDSWITH@8
                0x001033a4                _STRREV@4
                0x00104e54                __ZN4SLAB5ALLOCEm@8
                0x00104814                _PMM_INIT@4
                0x001018c4                _GETDATEBCD@0
                0x00103ff4                _INTTOSTR@8
                0x00100a34                _GDT_FIND_FREE@0
                0x00106884                __ZN7PROCESS14PARSEARGUMENTSEv@4
                0x00101e94                __ZN8SPINLOCK7RELEASEEv@4
                0x00108c94                __ZN14USERMODEDEVICE6CREATEEPhP6THREADmm@16
                0x00102264                __ZN11VIRTCONSOLE9PRINTFAILEv@4
                0x001034f4                _STRTOLOWERFIX@4
                0x001025f4                __ZN11VIRTCONSOLE7NEWLINEEv@4
                0x00104cc4                __ZN12SLABMETADATA5KFREEEPv@8
                0x00105094                _KFREE@4
                0x00104214                _MEMCPY64@12
                0x00102884                _CONSOLEWRITENUMBER@8
                0x00106f74                _EXITCRITICAL@0
                0x00108b74                __ZN9SEMAPHORE7SEMLOCKEP6THREAD@8
                0x00106544                __ZN7PROCESS11FREECONSOLEEv@4
                0x00107834                __ZN15THREADSCHEDULER6SWITCHEP9IRQ_STACKP6THREAD@12
                0x00102914                _CONSOLENEWLINE@0
                0x00106c54                __ZN7PROCESS9TERMINATEEPS_@4
                0x001028a4                _CONSOLEPUTCHAR@4
                0x00104604                _ATOL@4
                0x00108d84                __ZN14USERMODEDEVICE6INVOKEEmP6THREADmmmm@24
                0x001076c4                __ZN11THREADQUEUE6REMOVEEP6THREAD@8
                0x00107564                __ZN11THREADQUEUE11ENQUEUEHEADEP6THREAD@8
                0x00102464                __ZN11VIRTCONSOLE9BACKSPACEEv@4
                0x001028e4                _CONSOLEBACKSPACE@0
                0x00108a94                __ZN9SEMAPHOREC1Ev
                0x00107b44                _NEXTRANDOMNUMBER@8
                0x00106794                __ZN7PROCESS6DOLOADEv@4
                0x00102624                __ZN11VIRTCONSOLE6SCROLLEv@4
                0x00103e14                _LONGTOSTR@8
                0x00108ff4                __ZN11IPCENDPOINT8CREATEIDEmP6THREADmm@16
                0x00102794                _CONSOLEWRITETEXTANDSIZE@12
                0x00102684                __ZN11VIRTCONSOLE5CLEAREv@4
                0x00105e34                _VESAGETINFO@0
                0x00105dc4                _IRQ_THREAD_TERMINATED@4
                0x001041b4                _MEMCPY512@12
                0x00109134                __ZN10IPCMESSAGED1Ev
                0x001079a4                __ZN15THREADSCHEDULER17SETTHREADREADYNOWEP6THREAD@8
                0x00104a84                _PMM_FREEPAGE@4
                0x00104194                _MEMCPY32@12
                0x00107484                __ZN6THREAD9ADDTOLISTEv@4
                0x00100b54                _GDT_INIT@0
                0x001016b4                __ZN10VMMCONTEXT7RESOLVEEPv@8
                0x001061d4                _VESARESETSCREEN@0
                0x00102504                __ZN11VIRTCONSOLE5WRITEEPh@8
                0x00100f84                _VMM_INIT_LOCAL@0
                0x00106ce4                __ZN17ADDRESSSPACEENTRY4SBRKEm@8
                0x00101e34                __ZN8SPINLOCK4INITEv@4
                0x00101db4                _PIC_IS_SPURIOUS@4
                0x00101824                _MASK_IRQ@0
                0x00101804                _UNMASK_IRQ@0
                0x00105324                _SET_IDT@12
                0x001011b4                __ZN10VMMCONTEXT8ACTIVATEEv@4
                0x001028f4                _CONSOLEWRITE@4
                0x00101014                __ZN10VMMCONTEXTD1Ev
                0x00100934                _INIT_KTSS@0
                0x001065f4                __ZN7PROCESS10DOLOADFLATEv@4
                0x00101ac4                _READ_RTC@0
                0x00103034                _STRCONTAINS@8

.rodata
 *(.rodata)

.data           0x0010a000      0x700
 *(.data)
 .data          0x0010a000      0x700 obj/main.o

.ctors          0x0010a700        0x8
 .ctors         0x0010a700        0x8 obj/main.o

.dtors          0x0010a708        0x4
 .dtors         0x0010a708        0x4 obj/main.o

.bss            0x0010a70c   0x2020b0
                0x0010a70c                SBSS = .
 *(COMMON)
 *(.bss)
 .bss           0x0010a70c   0x100000 obj/start.o
 .bss           0x0020a70c   0x1020b0 obj/main.o
                0x0030c7bc                EBSS = .
                0x0030c7bc                _KERNEL_END = .
OUTPUT(bin/kernel.elf elf32-i386)

.rel.dyn        0x0030c7bc        0x0
 .rel.text      0x00000000        0x0 obj/Interrupts.o
