
Memory Configuration

Name             Origin             Length             Attributes
*default*        0x00000000         0xffffffff

Linker script and memory map

LOAD obj/Interrupts.o
LOAD obj/start.o
LOAD obj/main.o
                0x00100000                . = 0x100000

.text           0x00100000     0xc0e4
                0x00100000                _KERNEL_START = .
 *(.text)
 .text          0x00100000      0x4f4 obj/Interrupts.o
                0x001003f0                _INTERRUPT_TAB@0
 .text          0x001004f4       0x20 obj/start.o
                0x00100510                system_halt
                0x001004f8                Mboot
 .text          0x00100514     0xbbd0 obj/main.o
                0x0010a434                __ZN15THREADSCHEDULER17SETTHREADREALTIMEEP6THREADm@12
                0x00106304                _HD_INIT@0
                0x001087f4                _FAT_WRITEFILE@16
                0x001061e4                __ZN9VFS_ENTRY10CREATE_DIREPh@8
                0x00107be4                __ZN16FAT_FS_RESSOURCE4FINDEPhhP9FAT_ENTRY@16
                0x00106714                _HD_WAIT@4
                0x00101744                _GET_RTC_UPDATE_IN_PROGRESS_FLAG@0
                0x00103fb4                __ZN7TSTRING11LASTINDEXOFEPh@8
                0x00106144                __ZN9VFS_ENTRY10WRITE_FILEEPhmS0_@16
                0x001016c4                _PIC_INIT@0
                0x001084b4                __ZN16FAT_FS_RESSOURCE12FREE_CLUSTEREm@8
                0x00108db4                _FAT_LOADFILE@12
                0x0010a0e4                __ZN11THREADQUEUE10RTCDEQUEUEEv@4
                0x00103cb4                _TSTRINGDESTROY@4
                0x00103cd4                __ZN7TSTRING6CREATEEv@0
                0x00102aa4                _STRLASTINDEXOF@8
                0x00102814                _STRTRIM@4
                0x0010a4f4                __ZN15THREADSCHEDULER13RESETPRIORITYEP6THREAD@8
                0x001050b4                _IRQ_ENABLE@4
                0x00103fe4                __ZN7TSTRING12CONTAINSCHAREh@8
                0x00109604                __ZN7PROCESS11REQUESTLOADEPhPv@8
                0x001048a4                _KALLOC@4
                0x00102fb4                _STRCAT@8
                0x001025f4                _CONSOLECLEAR@0
                0x00108544                __ZN16FAT_FS_RESSOURCE13ALLOC_CLUSTEREm@8
                0x00105084                _IRQ_WAIT@4
                0x00100e84                _VMM_KERNEL_AUTOMAP@12
                0x00109504                __ZN7PROCESSD1Ev
                0x00103bb4                _DESTROYOBJ@4
                0x00109a34                _KERNEL_IDLE@4
                0x001059e4                _VFS_GET_FILE_SYSTEM_BY_NAME@4
                0x00109934                __ZN6THREAD11INITMANAGEREv@0
                0x001027d4                _STRLEN@4
                0x001093f4                _FATFS_READSECTORS@16
                0x0010bbe4                __ZN10FILEHANDLE5FLUSHEv@4
                0x00103e64                __ZN7TSTRING10APPENDTEXTEPh@8
                0x001040c4                __ZN7TSTRING6ASUINTEv@4
                0x0010ba94                __ZN10FILEHANDLE12CREATEBUFFEREm@8
                0x00103f04                __ZN7TSTRING7TOUPPEREv@4
                0x00107fd4                __ZN16FAT_FS_RESSOURCE10WRITE_ROOTEP9FAT_ENTRY@8
                0x001099a4                __ZN6THREAD5READYEv@0
                0x0010b5d4                _XAPPSIGNAL2PARAMETERS@16
                0x00105454                __ZN8IODEVICEC1Ev
                0x001082d4                __ZN16FAT_FS_RESSOURCE11SET_CLUSTEREmm@12
                0x00102b74                _STRNCMP@12
                0x00103f24                __ZN7TSTRING6SUBSTREml@12
                0x001035e4                _MEMSET@12
                0x00106024                __ZN9VFS_ENTRY9LOAD_FILEEPhPm@12
                0x00105bc4                _VFS_DELETE_FILE@4
                0x00103d74                __ZN7TSTRING12RESIZEBUFFEREm@8
                0x00106c34                _LOADKEYS@0
                0x00100c14                _GDT_CREATE_SEG@16
                0x00104214                _PMM_STRIPE@8
                0x0010b994                __ZN10FILEHANDLEC1Ev
                0x00100a74                _GDT_DELETE@4
                0x001026c4                _SQRT@8
                0x00104264                _PMM_ALLOCPAGE@4
                0x00102484                _CONSOLEWRITESIGNED@4
                0x00102784                _FSIN@8
                0x0010b804                __ZN9SEMAPHORED1Ev
                0x00105194                _IRQ_ATTACH_HANDLER@8
                0x00103774                _ATOF@4
                0x00104104                _PMM_GET_FREEPAGES_COUNT@0
                0x001096c4                __ZN7PROCESS4SBRKEm@8
                0x00100834                _DOREALMODEACTIONREG@32
                0x00109b84                __ZN6THREAD9CREATESYSEPFvPvEm@8
                0x0010ba34                __ZN10FILEHANDLE12DELETEBUFFEREv@4
                0x00108054                __ZN16FAT_FS_RESSOURCE4READEmPh@12
                0x00100fb4                __ZN10VMMCONTEXT10INITIALIZEEv@4
                0x00109474                __ZN7PROCESSC1Ev
                0x001029c4                _STRINDEXOF@8
                0x0010a674                __ZN15THREADSCHEDULER8SCHEDULEEv@4
                0x00101d34                _CONSOLEINIT@0
                0x00108134                __ZN16FAT_FS_RESSOURCE5WRITEEmPh@12
                0x00102734                _FCOS@8
                0x00106e64                _KBD_HANDLER@4
                0x00101df4                _CONSOLEWRITETEXTANDHEX@12
                0x0010a2c4                __ZN15THREADSCHEDULER12REMOVETHREADEP6THREAD@8
                0x0010bb04                __ZN10FILEHANDLE6CREATEEPh@8
                0x001013c4                __ZN10VMMCONTEXT8MAP_PAGEEPvS0_m@16
                0x001011c4                __ZN10VMMCONTEXT14FREE_PAGETABLEEPm@8
                0x00106d04                _INIT_KBD@0
                0x0010a984                _SYSCALL30HANDLER@4
                0x001054b4                __ZN11BLOCKDEVICEC1Ev
                0x00101db4                _CONSOLESETBACKGROUND@4
                0x001085f4                __ZN16FAT_FS_RESSOURCE17FIND_FREE_CLUSTEREv@4
                0x00104464                _SLABINIT@0
                0x00105cd4                _VFS_WRITE_FILE@12
                0x001065c4                _DETECT_PARTITIONS@4
                0x00106df4                _KBD_GETCHAR@0
                0x00107f14                __ZN16FAT_FS_RESSOURCE15ABSOLUTE_SECTOREm@8
                0x00105ab4                _VFS_LOAD_FILE@8
                0x001098e4                _ENTERCRITICAL@0
                0x00106d54                _KBD_INT_HANDLER@4
                0x00103d04                __ZN7TSTRING7SETTEXTEPh@8
                0x00100e24                _VMM_EXIT@0
                0x00101784                _GET_RTC_REGISTER@4
                0x00103a34                _ATOLHEX@4
                0x00109fe4                __ZN11THREADQUEUE7ENQUEUEEP6THREAD@8
                0x00101dd4                _CONSOLEWRITELINE@4
                0x00105064                _DEFAULTIRQHANDLER@4
                0x00106bb4                _HD_READ@16
                0x00104884                _PAGEFREE@4
                0x00109ab4                __ZN6THREADD1Ev
                0x00109924                _THREADSLEEP@0
                0x001071d4                _VESAPROBE@0
                0x00107134                _VESAGETMODEINFO@4
                0x00109884                __ZN7PROCESS9TERMINATEEPS_Pv@8
                0x00103b14                _ABSOLUTE@4
                0x00103ee4                __ZN7TSTRING7TOLOWEREv@4
                0x00100704                _DOREALMODEACTION@4
                0x00106de4                _KBD_FLUSH@0
                0x00101544                __ZN10VMMCONTEXT10UNMAP_PAGEEPv@8
                0x00100514                _MAIN@4
                0x00103524                _STRCPY@8
                0x00109784                __ZN7PROCESS12TERMINATENOWEPS_@4
                0x00100d44                _VMM_INIT@0
                0x00107f54                __ZN16FAT_FS_RESSOURCE9READ_ROOTEP9FAT_ENTRY@8
                0x00100ec4                _VMM_KERNEL_UNMAP@8
                0x00102be4                _STRCMP@8
                0x00102374                _CONSOLEUPDATECURSOR@0
                0x00103874                _ATOIHEX@4
                0x00105414                __ZN6DEVICEC1Ev
                0x0010a034                __ZN11THREADQUEUE12ENQUEUERANGEEP6THREADS1_m@16
                0x00109a54                _INT20HANDLER@4
                0x00100614                _KERNEL_ERROR@8
                0x00105df4                _VFS_CREATE_DIR@4
                0x00106754                _HD_READ_SECTOR@16
                0x00107344                _VESASETMODE@4
                0x001057d4                _VFS_ADD_FS_DESCRIPTOR@4
                0x00105894                _VFS_MOUNT@12
                0x00107934                __ZN16FAT_FS_RESSOURCE10FIND_ENTRYEPamPmS1_S1_h@28
                0x001043f4                _GETSMALLESTPOWEROFTWOO@4
                0x00105534                _DEVMGR_INIT@0
                0x00101564                __ZN10VMMCONTEXT11UNMAP_RANGEEPvm@12
                0x00105254                __ZN18IRQ_THREAD_HANDLER7ENQUEUEEP15IRQ_THREAD_POOL@8
                0x00104bc4                _INT_HANDLER@4
                0x00103624                _MEMSET32@12
                0x001035a4                _MEMCPY16@12
                0x00101324                __ZN10VMMCONTEXT7AUTOMAPEPvmmmm@24
                0x00103c64                __ZN7TSTRINGD1Ev
                0x00100c94                _LDT_SET_GATE@20
                0x00101104                __ZN10VMMCONTEXT13GET_PAGETABLEEm@8
                0x00109f94                __ZN11THREADQUEUEC1Ev
                0x00108684                __ZN16FAT_FS_RESSOURCE9COUNT_REPEP9FAT_ENTRY@8
                0x001047e4                __ZN4SLAB4FREEEPv@8
                0x00105124                _IRQ_DISABLE@4
                0x001011f4                __ZN10VMMCONTEXT15FIND_FREE_PAGESEmmm@16
                0x00109454                __ZN7PROCESS10INITENGINEEv@0
                0x00104a94                _INTERRUPTSMANAGER_INIT@0
                0x00100c64                _GDT_SET_GATE@20
                0x00105554                _DEVMGR_FIND@4
                0x001048f4                __ZN9IRQ_STACK4DUMPEv@4
                0x001051d4                _IRQ_SEND_ACK@4
                0x00105674                _DEVMGR_CREATE_IO_DEVICE@4
                0x00102d04                _STRTOUPPER@4
                0x001051b4                _IRQ_DETACH_HANDLER@4
                0x00103644                _ATOI@4
                0x00109ef4                __ZN6THREAD6DOWAITEP9IRQ_STACK@8
                0x00105714                _DEVMGR_CREATE_BLOCK_DEVICE@4
                0x00105764                _VFS_INIT@0
                0x00101fa4                _CONSOLEPRINTOK@0
                0x0010a204                __ZN15THREADSCHEDULERC1Ev
                0x001014d4                __ZN10VMMCONTEXT9MAP_RANGEEPvS0_S0_m@20
                0x00103e14                __ZN7TSTRING10APPENDCHAREh@8
                0x00102694                _MIN@8
                0x0010a614                __ZN15THREADSCHEDULER11THREADCOUNTEv@4
                0x00100674                _REALMODE_INIT@0
                0x00103084                _FTOA@12
                0x00100e64                _VMM_GET_CURRENT_CONTEXT@0
                0x00109754                __ZN7PROCESS9ADDTHREADEPv@8
                0x001044c4                __ZN12SLABMETADATA6KALLOCEm@8
                0x001060b4                __ZN9VFS_ENTRY11DELETE_FILEEPh@8
                0x0010b224                _SYSCALL31HANDLER@4
                0x00107454                _FAT_INIT@0
                0x0010b924                __ZN9SEMAPHORE9SEMUNLOCKEP6THREAD@8
                0x001074d4                _FAT_FORMAT@4
                0x001018e4                _GETTIMEBCD@0
                0x0010a4a4                __ZN15THREADSCHEDULER14SETTHREADREADYEP6THREADm@12
                0x00102dc4                _STRTOLOWER@4
                0x00108fb4                _FAT_LISTDIR@24
                0x00104644                __ZN4SLAB4INITEt@8
                0x00103294                _DOUBLETOSTR@8
                0x0010be74                __ZN10FILEHANDLE5WRITEEmPh@12
                0x00106984                _HD_WRITE_SECTOR@16
                0x0010b654                _XAPPIRQRECEIVED@8
                0x00101e24                _CONSOLEWRITETEXTANDDEC@12
                0x00102e84                _SUBSTRING@12
                0x00101654                _SET_TIMER_FREQ@4
                0x00106274                __ZN9VFS_ENTRY8LIST_DIREPhmP17VFSDIRECTORYENTRYmm@24
                0x00101d94                _CONSOLESETFOREGROUND@4
                0x00103604                _MEMSET16@12
                0x0010a084                __ZN11THREADQUEUE7DEQUEUEEv@4
                0x00101064                __ZN10VMMCONTEXT4SYNCEv@4
                0x00102194                _CONSOLEPRINTFAIL@0
                0x00103be4                __ZN7TSTRINGC1Ev
                0x00108ef4                _FAT2STR@8
                0x00109384                _FATFS_WRITESECTORS@16
                0x00103b84                __ZN7TOBJECTD1Ev
                0x00102f54                _STRENDSWITH@8
                0x00102c74                _STRREV@4
                0x0010b2e4                _SYSCALL33HANDLER@4
                0x00104734                __ZN4SLAB5ALLOCEm@8
                0x00104124                _PMM_INIT@4
                0x001017c4                _GETDATEBCD@0
                0x00103414                _INTTOSTR@8
                0x001009a4                _GDT_FIND_FREE@0
                0x00107d14                _STR2FAT@8
                0x0010bb24                __ZN10FILEHANDLE4OPENEPh@8
                0x001045d4                __ZN12SLABMETADATA5KFREEEPv@8
                0x001081c4                __ZN16FAT_FS_RESSOURCE13FIND_FATENTRYEm@8
                0x00102644                _CONSOLESCROLL@0
                0x001048d4                _KFREE@4
                0x00103584                _MEMCPY@12
                0x001051f4                _IRQ_SET_THREAD_HANDLER@16
                0x00102464                _CONSOLEWRITENUMBER@8
                0x00109904                _EXITCRITICAL@0
                0x0010b864                __ZN9SEMAPHORE7SEMLOCKEP6THREAD@8
                0x0010ba24                __ZN10FILEHANDLED1Ev
                0x00105624                _DEVMGR_CREATE_DEVICE@4
                0x0010bd54                __ZN10FILEHANDLE8READLINEEPh@8
                0x001056c4                _DEVMGR_CREATE_CHAR_DEVICE@4
                0x0010a334                __ZN15THREADSCHEDULER6SWITCHEP9IRQ_STACKP6THREAD@12
                0x001025c4                _CONSOLENEWLINE@0
                0x00103b94                _TOBJECTDESTROY@4
                0x00101ed4                _CONSOLEPUTCHAR@4
                0x00103954                _ATOL@4
                0x0010a154                __ZN11THREADQUEUE6REMOVEEP6THREAD@8
                0x00109d24                __ZN6THREAD6CREATEEP7PROCESSPFvPvEm@12
                0x00106424                _HD_DETECT@4
                0x001023d4                _CONSOLEBACKSPACE@0
                0x001097f4                __ZN7PROCESS23REQUESTTERMINATEPROCESSEPS_@4
                0x0010a544                __ZN15THREADSCHEDULER16INCREASEPRIORITYEm@8
                0x0010b784                __ZN9SEMAPHOREC1Ev
                0x0010a834                _NEXTRANDOMNUMBER@8
                0x00109564                __ZN7PROCESS6DOLOADEv@4
                0x00101e54                _CONSOLEWRITETEXTANDSIZE@12
                0x001099c4                _PROCESS_MANAGER@4
                0x00105794                _VFS_SHOW_DESCRIPTORS@0
                0x0010bc34                __ZN10FILEHANDLE5LSEEKEl10SEEKORIGIN@12
                0x001070c4                _VESAGETINFO@0
                0x00105304                _IRQ_THREAD_TERMINATED@4
                0x00103ec4                __ZN7TSTRING4TRIMEv@4
                0x00104344                _PMM_FREEPAGE@4
                0x001035c4                _MEMCPY32@12
                0x00109eb4                __ZN6THREAD9ADDTOLISTEv@4
                0x00103f54                __ZN7TSTRING7COMPAREEPh@8
                0x00104084                __ZN7TSTRING5ASINTEv@4
                0x00100ac4                _GDT_INIT@0
                0x001015b4                __ZN10VMMCONTEXT7RESOLVEEPv@8
                0x00104854                _PAGEALLOC@4
                0x00107434                _VESARESETSCREEN@0
                0x00100ef4                _VMM_INIT_LOCAL@0
                0x00103b44                __ZN7TOBJECTC1Ev
                0x00105484                __ZN10CHARDEVICEC1Ev
                0x00101cb4                _PIC_IS_SPURIOUS@4
                0x00101724                _MASK_IRQ@0
                0x00103f84                __ZN7TSTRING7INDEXOFEPh@8
                0x00101704                _UNMASK_IRQ@0
                0x00104b64                _SET_IDT@12
                0x001057f4                _VFS_FORMAT@8
                0x0010bcb4                __ZN10FILEHANDLE4READEmPh@12
                0x001074e4                _FAT_SELECT@8
                0x001010b4                __ZN10VMMCONTEXT8ACTIVATEEv@4
                0x00106db4                _KBD_PUTCHAR@4
                0x001024c4                _CONSOLEWRITE@4
                0x00104044                __ZN7TSTRING12ENDSWITHCHAREh@8
                0x00100f54                __ZN10VMMCONTEXTD1Ev
                0x001008a4                _INIT_KTSS@0
                0x00105f04                _VFS_LIST_DIR@20
                0x00106bf4                _HD_WRITE@16
                0x001052a4                __ZN18IRQ_THREAD_HANDLER7DEQUEUEEv@4
                0x001019c4                _READ_RTC@0
                0x001029a4                _STRCONTAINS@8

.rodata
 *(.rodata)

.data           0x0010d000      0xb38
 *(.data)
 .data          0x0010d000      0xb38 obj/main.o

.ctors          0x0010db38        0x8
 .ctors         0x0010db38        0x8 obj/main.o

.dtors          0x0010db40        0x4
 .dtors         0x0010db40        0x4 obj/main.o

.bss            0x0010db44   0x5030b0
                0x0010db44                SBSS = .
 *(COMMON)
 *(.bss)
 .bss           0x0010db44   0x100000 obj/start.o
 .bss           0x0020db44   0x4030b0 obj/main.o
                0x00610bf4                EBSS = .
                0x00610bf4                _KERNEL_END = .
OUTPUT(bin/kernel.elf elf32-i386)

.rel.dyn        0x00610bf4        0x0
 .rel.text      0x00000000        0x0 obj/Interrupts.o
