
Memory Configuration

Name             Origin             Length             Attributes
*default*        0x00000000         0xffffffff

Linker script and memory map

LOAD obj/Interrupts.o
LOAD obj/start.o
LOAD obj/main.o
                0x00100000                . = 0x100000

.text           0x00100000     0x89e4
                0x00100000                _KERNEL_START = .
 *(.text)
 .text          0x00100000      0x4f4 obj/Interrupts.o
                0x001003f0                _INTERRUPT_TAB@0
 .text          0x001004f4      0x1cf obj/start.o
                0x00100510                system_halt
                0x00100514                _realmode_begin
                0x001004f8                Mboot
                0x001006c3                _realmode_end
 *fill*         0x001006c3        0x1 00
 .text          0x001006c4     0x8320 obj/main.o
                0x001072b4                __ZN15THREADSCHEDULER17SETTHREADREALTIMEEP6THREADm@12
                0x00101924                _GET_RTC_UPDATE_IN_PROGRESS_FLAG@0
                0x00101ff4                __ZN11VIRTCONSOLE8ACTIVATEEv@4
                0x001018a4                _PIC_INIT@0
                0x00106f34                __ZN11THREADQUEUE10RTCDEQUEUEEv@4
                0x00108804                __ZN14USERMODEDEVICE4FINDEPh@4
                0x00102ee4                _STRLASTINDEXOF@8
                0x00102c54                _STRTRIM@4
                0x00107374                __ZN15THREADSCHEDULER13RESETPRIORITYEP6THREAD@8
                0x001055e4                _IRQ_ENABLE@4
                0x00104db4                _KALLOC@4
                0x00103524                _STRCAT@8
                0x00102964                _CONSOLECLEAR@0
                0x001055b4                _IRQ_WAIT@4
                0x00101024                _VMM_KERNEL_AUTOMAP@12
                0x00105e74                __ZN7PROCESSD1Ev
                0x00106884                _KERNEL_IDLE@4
                0x00106784                __ZN6THREAD11INITMANAGEREv@0
                0x00102b74                _STRLEN@4
                0x00102bb4                _STRWLEN@4
                0x001064b4                __ZN7PROCESS15REQUESTLOADUSEREP17EXECUTABLE_HEADERmPh@12
                0x001067f4                __ZN6THREAD5READYEv@0
                0x001082d4                _XAPPSIGNAL2PARAMETERS@16
                0x001020d4                __ZN11VIRTCONSOLE7PRINTOKEv@4
                0x00102fb4                _STRNCMP@12
                0x00105f44                __ZN7PROCESS13CREATECONSOLEEv@4
                0x00102c04                _STRDLEN@4
                0x00108354                _XAPPSIGNAL6PARAMETERS@32
                0x00100d74                _GDT_CREATE_SEG@16
                0x00104704                _PMM_STRIPE@8
                0x00100bd4                _GDT_DELETE@4
                0x00102a64                _SQRT@8
                0x00104754                _PMM_ALLOCPAGE@4
                0x00102864                _CONSOLEWRITESIGNED@4
                0x00102b24                _FSIN@8
                0x001085d4                __ZN9SEMAPHORED1Ev
                0x001056c4                _IRQ_ATTACH_HANDLER@8
                0x001041d4                _ATOF@4
                0x001045a4                _PMM_GET_FREEPAGES_COUNT@0
                0x00106514                __ZN7PROCESS4SBRKEm@8
                0x00100994                _DOREALMODEACTIONREG@32
                0x001069d4                __ZN6THREAD9CREATESYSEPFvPvEm@8
                0x00103ae4                _ULONGTOSTR@8
                0x00108764                _UDEV_INIT@0
                0x001030b4                _STRWCMP@8
                0x00101174                __ZN10VMMCONTEXT10INITIALIZEEv@4
                0x00105d34                __ZN7PROCESSC1Ev
                0x00102e04                _STRINDEXOF@8
                0x00102014                __ZN11VIRTCONSOLE7PUTCHAREa@8
                0x001074f4                __ZN15THREADSCHEDULER8SCHEDULEEv@4
                0x00101f14                _CONSOLEINIT@0
                0x00102ad4                _FCOS@8
                0x00102774                _CONSOLEWRITETEXTANDHEX@12
                0x00107114                __ZN15THREADSCHEDULER12REMOVETHREADEP6THREAD@8
                0x001015a4                __ZN10VMMCONTEXT8MAP_PAGEEPvS0_m@16
                0x001013a4                __ZN10VMMCONTEXT14FREE_PAGETABLEEPm@8
                0x00107804                _SYSCALL30HANDLER@4
                0x00102734                _CONSOLESETBACKGROUND@4
                0x00104974                _SLABINIT@0
                0x00106734                _ENTERCRITICAL@0
                0x00100fa4                _VMM_EXIT@0
                0x00101964                _GET_RTC_REGISTER@4
                0x00104494                _ATOLHEX@4
                0x00106e34                __ZN11THREADQUEUE7ENQUEUEEP6THREAD@8
                0x00103cc4                _UINTTOSTR@8
                0x00102754                _CONSOLEWRITELINE@4
                0x00105594                _DEFAULTIRQHANDLER@4
                0x00104d94                _PAGEFREE@4
                0x00106904                __ZN6THREADD1Ev
                0x00106774                _THREADSLEEP@0
                0x00105a54                _VESAPROBE@0
                0x001059b4                _VESAGETMODEINFO@4
                0x001066d4                __ZN7PROCESS9TERMINATEEPS_Pv@8
                0x00104574                _ABSOLUTE@4
                0x00100864                _DOREALMODEACTION@4
                0x00101724                __ZN10VMMCONTEXT10UNMAP_PAGEEPv@8
                0x001006c4                _MAIN@4
                0x00103ea4                _STRCPY@8
                0x001065d4                __ZN7PROCESS12TERMINATENOWEPS_@4
                0x00100ea4                _VMM_INIT@0
                0x00101064                _VMM_KERNEL_UNMAP@8
                0x00103024                _STRCMP@8
                0x00103f04                _memcpy
                0x00102974                _CONSOLEUPDATECURSOR@0
                0x00104044                _memset
                0x001042d4                _ATOIHEX@4
                0x00106e84                __ZN11THREADQUEUE12ENQUEUERANGEEP6THREADS1_m@16
                0x001068a4                _INT20HANDLER@4
                0x001007b4                _KERNEL_ERROR@8
                0x00105bc4                _VESASETMODE@4
                0x001028a4                _CONSOLEWRITEUNUMBER@8
                0x00104904                _GETSMALLESTPOWEROFTWOO@4
                0x00101744                __ZN10VMMCONTEXT11UNMAP_RANGEEPvm@12
                0x00105784                __ZN18IRQ_THREAD_HANDLER7ENQUEUEEP15IRQ_THREAD_POOL@8
                0x001050d4                _INT_HANDLER@4
                0x00104084                _MEMSET32@12
                0x00103f24                _MEMCPY16@12
                0x00101504                __ZN10VMMCONTEXT7AUTOMAPEPvmmmm@24
                0x00100df4                _LDT_SET_GATE@20
                0x001012e4                __ZN10VMMCONTEXT13GET_PAGETABLEEm@8
                0x00106de4                __ZN11THREADQUEUEC1Ev
                0x00104cf4                __ZN4SLAB4FREEEPv@8
                0x00105654                _IRQ_DISABLE@4
                0x001013d4                __ZN10VMMCONTEXT15FIND_FREE_PAGESEmmm@16
                0x00105d04                __ZN7PROCESS10INITENGINEEv@0
                0x00104fa4                _INTERRUPTSMANAGER_INIT@0
                0x00100dc4                _GDT_SET_GATE@20
                0x00104e04                __ZN9IRQ_STACK4DUMPEv@4
                0x00105704                _IRQ_SEND_ACK@4
                0x001031e4                _STRTOUPPER@4
                0x001056e4                _IRQ_DETACH_HANDLER@4
                0x001040a4                _ATOI@4
                0x00106d44                __ZN6THREAD6DOWAITEP9IRQ_STACK@8
                0x00102904                _CONSOLEPRINTOK@0
                0x001063d4                __ZN7PROCESS14REQUESTLOADMEMEP17EXECUTABLE_HEADERmmPh@16
                0x00107054                __ZN15THREADSCHEDULERC1Ev
                0x001016b4                __ZN10VMMCONTEXT9MAP_RANGEEPvS0_S0_m@20
                0x00107494                __ZN15THREADSCHEDULER11THREADCOUNTEv@4
                0x00102984                _MODULES_INIT@4
                0x00100814                _REALMODE_INIT@0
                0x001035f4                _FTOA@12
                0x00101004                _VMM_GET_CURRENT_CONTEXT@0
                0x001065a4                __ZN7PROCESS9ADDTHREADEPv@8
                0x001049d4                __ZN12SLABMETADATA6KALLOCEm@8
                0x001081d4                _SYSCALL31HANDLER@4
                0x001086f4                __ZN9SEMAPHORE9SEMUNLOCKEP6THREAD@8
                0x00103804                _FLOATTOSTR@4
                0x00101ac4                _GETTIMEBCD@0
                0x00107324                __ZN15THREADSCHEDULER14SETTHREADREADYEP6THREADm@12
                0x00103334                _STRTOLOWER@4
                0x00101fc4                __ZN11VIRTCONSOLED1Ev
                0x00104b54                __ZN4SLAB4INITEt@8
                0x00103974                _DOUBLETOSTR@8
                0x00108414                _XAPPIRQRECEIVED@8
                0x001027a4                _CONSOLEWRITETEXTANDDEC@12
                0x001033f4                _SUBSTRING@12
                0x00101834                _SET_TIMER_FREQ@4
                0x00102714                _CONSOLESETFOREGROUND@4
                0x00104064                _MEMSET16@12
                0x00106ed4                __ZN11THREADQUEUE7DEQUEUEEv@4
                0x00101244                __ZN10VMMCONTEXT4SYNCEv@4
                0x00102914                _CONSOLEPRINTFAIL@0
                0x001034c4                _STRENDSWITH@8
                0x00103154                _STRREV@4
                0x00104c44                __ZN4SLAB5ALLOCEm@8
                0x001045c4                _PMM_INIT@4
                0x001019a4                _GETDATEBCD@0
                0x00103da4                _INTTOSTR@8
                0x00100b04                _GDT_FIND_FREE@0
                0x00106144                __ZN7PROCESS14PARSEARGUMENTSEv@4
                0x00108774                __ZN14USERMODEDEVICE6CREATEEPhP6THREADmm@16
                0x001022c4                __ZN11VIRTCONSOLE9PRINTFAILEv@4
                0x001032a4                _STRTOLOWERFIX@4
                0x00102634                __ZN11VIRTCONSOLE7NEWLINEEv@4
                0x00104ae4                __ZN12SLABMETADATA5KFREEEPv@8
                0x00104de4                _KFREE@4
                0x00103fc4                _MEMCPY64@12
                0x00105724                _IRQ_SET_THREAD_HANDLER@16
                0x001028c4                _CONSOLEWRITENUMBER@8
                0x00106754                _EXITCRITICAL@0
                0x00108634                __ZN9SEMAPHORE7SEMLOCKEP6THREAD@8
                0x00105fd4                __ZN7PROCESS11FREECONSOLEEv@4
                0x00107184                __ZN15THREADSCHEDULER6SWITCHEP9IRQ_STACKP6THREAD@12
                0x00102954                _CONSOLENEWLINE@0
                0x001028e4                _CONSOLEPUTCHAR@4
                0x001043b4                _ATOL@4
                0x00108864                __ZN14USERMODEDEVICE6INVOKEEmP6THREADmmmm@24
                0x00106fa4                __ZN11THREADQUEUE6REMOVEEP6THREAD@8
                0x00106b74                __ZN6THREAD6CREATEEP7PROCESSPFvPvEm@12
                0x001024c4                __ZN11VIRTCONSOLE9BACKSPACEEv@4
                0x00102924                _CONSOLEBACKSPACE@0
                0x00106644                __ZN7PROCESS23REQUESTTERMINATEPROCESSEPS_@4
                0x001073c4                __ZN15THREADSCHEDULER16INCREASEPRIORITYEm@8
                0x00108554                __ZN9SEMAPHOREC1Ev
                0x001076b4                _NEXTRANDOMNUMBER@8
                0x00106064                __ZN7PROCESS6DOLOADEv@4
                0x00102664                __ZN11VIRTCONSOLE6SCROLLEv@4
                0x00103bc4                _LONGTOSTR@8
                0x001027d4                _CONSOLEWRITETEXTANDSIZE@12
                0x00106814                _PROCESS_MANAGER@4
                0x001026c4                __ZN11VIRTCONSOLE5CLEAREv@4
                0x00105944                _VESAGETINFO@0
                0x00105834                _IRQ_THREAD_TERMINATED@4
                0x00103f64                _MEMCPY512@12
                0x00104854                _PMM_FREEPAGE@4
                0x00103f44                _MEMCPY32@12
                0x00106d04                __ZN6THREAD9ADDTOLISTEv@4
                0x00100c24                _GDT_INIT@0
                0x00101794                __ZN10VMMCONTEXT7RESOLVEEPv@8
                0x00104d64                _PAGEALLOC@4
                0x00105ce4                _VESARESETSCREEN@0
                0x00102544                __ZN11VIRTCONSOLE5WRITEEPh@8
                0x00101094                _VMM_INIT_LOCAL@0
                0x00101e94                _PIC_IS_SPURIOUS@4
                0x00101904                _MASK_IRQ@0
                0x001018e4                _UNMASK_IRQ@0
                0x00105074                _SET_IDT@12
                0x00101294                __ZN10VMMCONTEXT8ACTIVATEEv@4
                0x00102934                _CONSOLEWRITE@4
                0x00101114                __ZN10VMMCONTEXTD1Ev
                0x00100a04                _INIT_KTSS@0
                0x001057d4                __ZN18IRQ_THREAD_HANDLER7DEQUEUEEv@4
                0x00101ba4                _READ_RTC@0
                0x00102de4                _STRCONTAINS@8

.rodata
 *(.rodata)

.data           0x00109000      0x6a8
 *(.data)
 .data          0x00109000      0x6a8 obj/main.o

.ctors          0x001096a8        0x8
 .ctors         0x001096a8        0x8 obj/main.o

.dtors          0x001096b0        0x4
 .dtors         0x001096b0        0x4 obj/main.o

.bss            0x001096b4   0x502738
                0x001096b4                SBSS = .
 *(COMMON)
 *(.bss)
 .bss           0x001096b4   0x100000 obj/start.o
 .bss           0x002096b4   0x402738 obj/main.o
                0x0060bdec                EBSS = .
                0x0060bdec                _KERNEL_END = .
OUTPUT(bin/kernel.elf elf32-i386)

.rel.dyn        0x0060bdec        0x0
 .rel.text      0x00000000        0x0 obj/Interrupts.o
