
Memory Configuration

Name             Origin             Length             Attributes
*default*        0x00000000         0xffffffff

Linker script and memory map

LOAD obj/0Start.o
LOAD obj/Interrupts.o
LOAD obj/main.o
                0x00100000                . = 0x100000

.text           0x00100000     0xa3d4
                0x00100000                _KERNEL_START = .
 *(.text)
 .text          0x00100000      0x1cf obj/0Start.o
                0x0010001c                system_halt
                0x00100020                _realmode_begin
                0x00100004                Mboot
                0x001001cf                _realmode_end
 *fill*         0x001001cf        0x1 00
 .text          0x001001d0     0x1214 obj/Interrupts.o
                0x00100fe4                _INTERRUPT_TAB@0
 .text          0x001013e4     0x8ff0 obj/main.o
                0x00108314                __ZN15THREADSCHEDULER17SETTHREADREALTIMEEP6THREADm@12
                0x00101884                _KTSS_SET_CR3@4
                0x001025a4                _GET_RTC_UPDATE_IN_PROGRESS_FLAG@0
                0x00102cf4                __ZN11VIRTCONSOLE8ACTIVATEEv@4
                0x00109c54                __ZN11IPCENDPOINT10CREATENAMEEPhP6THREADmm@16
                0x00102524                _PIC_INIT@0
                0x00109e54                __ZN11IPCENDPOINTD1Ev
                0x00108074                __ZN11THREADQUEUE10RTCDEQUEUEEv@4
                0x00109674                __ZN14USERMODEDEVICE4FINDEPh@4
                0x00103e94                _STRLASTINDEXOF@8
                0x00103c04                _STRTRIM@4
                0x00106284                _IRQ_ENABLE@4
                0x00105f54                _KALLOC@4
                0x00104554                _STRCAT@8
                0x00103684                _CONSOLECLEAR@0
                0x00101c14                _VMM_KERNEL_AUTOMAP@12
                0x00106e14                __ZN7PROCESSD1Ev
                0x00107b64                _KERNEL_IDLE@4
                0x00107ae4                __ZN6THREAD11INITMANAGEREv@0
                0x00103b24                _STRLEN@4
                0x001071c4                __ZN7PROCESS9DOLOADELFEv@4
                0x00103b64                _STRWLEN@4
                0x00109b04                _IPC_INIT@0
                0x00107b44                __ZN6THREAD5READYEv@0
                0x00109494                _XAPPSIGNAL2PARAMETERS@16
                0x00102dd4                __ZN11VIRTCONSOLE7PRINTOKEv@4
                0x00103f64                _STRNCMP@12
                0x00107014                __ZN7PROCESS13CREATECONSOLEEv@4
                0x00103bb4                _STRDLEN@4
                0x00103244                __ZN11VIRTCONSOLE9WRITELINEEPh@8
                0x00105e64                __ZN4SLAB11ISVALIDADDREPv@8
                0x00106f34                __ZN7PROCESS16FINDADDRESSSPACEEm@8
                0x00109514                _XAPPSIGNAL6PARAMETERS@32
                0x00107754                __ZN7PROCESS16REQUESTTERMINATEEPS_@4
                0x00107d04                __ZN6THREAD6CREATEEP7PROCESSm@8
                0x00105784                _PMM_STRIPE@8
                0x00103994                _SQRT@8
                0x00109ba4                __ZN11IPCENDPOINT10FINDBYNAMEEPh@4
                0x00103584                _CONSOLEWRITESIGNED@4
                0x00109964                __ZN9SEMAPHORED1Ev
                0x00106364                _IRQ_ATTACH_HANDLER@8
                0x00109834                __ZN6SIGNAL4WAITEP6THREAD@8
                0x00105204                _ATOF@4
                0x001055d4                _PMM_GET_FREEPAGES_COUNT@0
                0x001016b4                _DOREALMODEACTIONREG@32
                0x00104b14                _ULONGTOSTR@8
                0x001095d4                _UDEV_INIT@0
                0x00106ec4                __ZN7PROCESS18CREATEADDRESSSPACEEm@8
                0x00104064                _STRWCMP@8
                0x00101d84                __ZN10VMMCONTEXT10INITIALIZEEv@4
                0x00106c94                __ZN7PROCESSC1Ev
                0x00103db4                _STRINDEXOF@8
                0x00102d14                __ZN11VIRTCONSOLE7PUTCHAREa@8
                0x001083d4                __ZN15THREADSCHEDULER8SCHEDULEEv@4
                0x00102c14                _CONSOLEINIT@0
                0x00103494                _CONSOLEWRITETEXTANDHEX@12
                0x001081f4                __ZN15THREADSCHEDULER12REMOVETHREADEP6THREAD@8
                0x001021b4                __ZN10VMMCONTEXT8MAP_PAGEEPvS0_m@16
                0x00101fb4                __ZN10VMMCONTEXT14FREE_PAGETABLEEPm@8
                0x00103ae4                _FSIN@4
                0x00108624                _SYSCALL30HANDLER@4
                0x00103454                _CONSOLESETBACKGROUND@4
                0x001083a4                __ZN15THREADSCHEDULER14SETTHREADREADYEP6THREAD@8
                0x00105964                _SLABINIT@0
                0x00105ec4                _KMM_ALLOCPAGE@0
                0x00106434                _PANICEXCEPTION@8
                0x00107aa4                _ENTERCRITICAL@0
                0x00105bf4                __ZN4SLABD1Ev
                0x00101bb4                _VMM_EXIT@0
                0x00107cc4                __ZN6THREAD7ISVALIDEv@4
                0x001025e4                _GET_RTC_REGISTER@4
                0x001054c4                _ATOLHEX@4
                0x00104cf4                _UINTTOSTR@8
                0x00103474                _CONSOLEWRITELINE@4
                0x00107c14                __ZN6THREADD1Ev
                0x001069c4                _VESAPROBE@0
                0x00106924                _VESAGETMODEINFO@4
                0x001055a4                _ABSOLUTE@4
                0x0010a204                _IPCSEND@40
                0x00101584                _DOREALMODEACTION@4
                0x001023a4                __ZN10VMMCONTEXT10UNMAP_PAGEEPv@8
                0x001013e4                _MAIN@4
                0x00105b94                __ZN12SLABMETADATA11ISVALIDADDREPv@8
                0x00104ed4                _STRCPY@8
                0x00101ad4                _VMM_INIT@0
                0x00101c54                _VMM_KERNEL_UNMAP@8
                0x00105f04                _KMM_FREEPAGE@4
                0x00103fd4                _STRCMP@8
                0x00104f34                _memcpy
                0x00103694                _CONSOLEUPDATECURSOR@0
                0x00109d74                __ZN11IPCENDPOINT12CREATECOMMONEPS_P6THREADmm@16
                0x00105074                _memset
                0x00107674                __ZN7PROCESS6CREATEEP17EXECUTABLE_HEADERmPh@12
                0x00105304                _ATOIHEX@4
                0x00107b84                _INT20HANDLER@4
                0x00109c14                __ZN11IPCENDPOINT5NEWIDEv@0
                0x001014c4                _KERNEL_ERROR@8
                0x00106b34                _VESASETMODE@4
                0x001035c4                _CONSOLEWRITEUNUMBER@8
                0x00109b44                __ZN11IPCENDPOINT8FINDBYIDEm@4
                0x001058f4                _GETSMALLESTPOWEROFTWOO@4
                0x00107fa4                __ZN11THREADQUEUE11ENQUEUETAILEP6THREAD@8
                0x001023c4                __ZN10VMMCONTEXT11UNMAP_RANGEEPvm@12
                0x001060d4                _INT_HANDLER@4
                0x00101824                _KTSS_SET@16
                0x001050b4                _MEMSET32@12
                0x00104f54                _MEMCPY16@12
                0x00102114                __ZN10VMMCONTEXT7AUTOMAPEPvmmmm@24
                0x00101a24                _LDT_SET_GATE@20
                0x00101ef4                __ZN10VMMCONTEXT13GET_PAGETABLEEm@8
                0x00107f14                __ZN11THREADQUEUEC1Ev
                0x00109fa4                __ZN11IPCENDPOINT7DEQUEUEEv@4
                0x00105dd4                __ZN4SLAB4FREEEPv@8
                0x001062f4                _IRQ_DISABLE@4
                0x00101fe4                __ZN10VMMCONTEXT15FIND_FREE_PAGESEmmm@16
                0x00106c74                __ZN7PROCESS10INITENGINEEv@0
                0x00105fa4                _INTERRUPTSMANAGER_INIT@0
                0x00109f54                __ZN11IPCENDPOINT7ENQUEUEEP10IPCMESSAGE@8
                0x0010a004                __ZN11IPCENDPOINT14PROCESSRECEIVEEv@4
                0x001019f4                _GDT_SET_GATE@20
                0x001063a4                _IRQ_SEND_ACK@4
                0x00103aa4                _FCOS@4
                0x00104294                _STRTOUPPER@4
                0x00106384                _IRQ_DETACH_HANDLER@4
                0x00103a54                _DSIN@8
                0x001050d4                _ATOI@4
                0x00107ea4                __ZN6THREAD6DOWAITEP9IRQ_STACK@8
                0x00103a04                _DCOS@8
                0x001057d4                _PMM_ALLOCPAGE@0
                0x00103624                _CONSOLEPRINTOK@0
                0x00107a04                __ZN17ADDRESSSPACEENTRY8COPYFROMEPvm@12
                0x00108174                __ZN15THREADSCHEDULERC1Ev
                0x00102334                __ZN10VMMCONTEXT9MAP_RANGEEPvS0_S0_m@20
                0x0010a1a4                _IPCSENDBODY@12
                0x001036a4                _MODULES_INIT@4
                0x00101534                _REALMODE_INIT@0
                0x00104624                _FTOA@12
                0x00101bf4                _VMM_GET_CURRENT_CONTEXT@0
                0x00107724                __ZN7PROCESS9ADDTHREADEPv@8
                0x001059d4                __ZN12SLABMETADATA6KALLOCEm@8
                0x00109394                _SYSCALL31HANDLER@4
                0x00109a84                __ZN9SEMAPHORE9SEMUNLOCKEP6THREAD@8
                0x00104834                _FLOATTOSTR@4
                0x00107944                __ZN17ADDRESSSPACEENTRYD1Ev
                0x00102744                _GETTIMEBCD@0
                0x00104354                _STRTOLOWER@4
                0x00102cc4                __ZN11VIRTCONSOLED1Ev
                0x00105c24                __ZN4SLAB4INITEt@8
                0x00103834                _MODULES_PRE_INIT@4
                0x001049a4                _DOUBLETOSTR@8
                0x001034c4                _CONSOLEWRITETEXTANDDEC@12
                0x00104414                _SUBSTRING@12
                0x001024b4                _SET_TIMER_FREQ@4
                0x00102bb4                __ZN8SPINLOCK7ACQUIREEv@4
                0x00103434                _CONSOLESETFOREGROUND@4
                0x00105094                _MEMSET16@12
                0x00108004                __ZN11THREADQUEUE7DEQUEUEEv@4
                0x00101e54                __ZN10VMMCONTEXT4SYNCEv@4
                0x00103634                _CONSOLEPRINTFAIL@0
                0x001044e4                _STRENDSWITH@8
                0x00104104                _STRREV@4
                0x00105d14                __ZN4SLAB5ALLOCEm@8
                0x001055f4                _PMM_INIT@4
                0x00102624                _GETDATEBCD@0
                0x00104dd4                _INTTOSTR@8
                0x001073d4                __ZN7PROCESS14PARSEARGUMENTSEv@4
                0x00102bf4                __ZN8SPINLOCK7RELEASEEv@4
                0x001095e4                __ZN14USERMODEDEVICE6CREATEEPhP6THREADmm@16
                0x00102fc4                __ZN11VIRTCONSOLE9PRINTFAILEv@4
                0x00104204                _STRTOLOWERFIX@4
                0x00101724                _KTSS_INIT@0
                0x00103354                __ZN11VIRTCONSOLE7NEWLINEEv@4
                0x00105ad4                __ZN12SLABMETADATA5KFREEEPv@8
                0x00105f84                _KFREE@4
                0x00104ff4                _MEMCPY64@12
                0x001035e4                _CONSOLEWRITENUMBER@8
                0x00107ac4                _EXITCRITICAL@0
                0x001099c4                __ZN9SEMAPHORE7SEMLOCKEP6THREAD@8
                0x00106524                _EXCEPTIONHANDLER@4
                0x001070a4                __ZN7PROCESS11FREECONSOLEEv@4
                0x00108234                __ZN15THREADSCHEDULER6SWITCHEP9IRQ_STACKP6THREAD@12
                0x00103674                _CONSOLENEWLINE@0
                0x001077a4                __ZN7PROCESS9TERMINATEEPS_@4
                0x00103604                _CONSOLEPUTCHAR@4
                0x001053e4                _ATOL@4
                0x001096d4                __ZN14USERMODEDEVICE6INVOKEEmP6THREADmmmm@24
                0x001080e4                __ZN11THREADQUEUE6REMOVEEP6THREAD@8
                0x00107f44                __ZN11THREADQUEUE11ENQUEUEHEADEP6THREAD@8
                0x001031c4                __ZN11VIRTCONSOLE9BACKSPACEEv@4
                0x00103644                _CONSOLEBACKSPACE@0
                0x00109894                __ZN6SIGNAL3SETEv@4
                0x00109904                __ZN9SEMAPHOREC1Ev
                0x001084d4                _NEXTRANDOMNUMBER@8
                0x00106f84                __ZN7PROCESS18REMOVEADDRESSSPACEEm@8
                0x001072f4                __ZN7PROCESS6DOLOADEv@4
                0x00103384                __ZN11VIRTCONSOLE6SCROLLEv@4
                0x00104bf4                _LONGTOSTR@8
                0x00109cd4                __ZN11IPCENDPOINT8CREATEIDEmP6THREADmm@16
                0x001034f4                _CONSOLEWRITETEXTANDSIZE@12
                0x001033e4                __ZN11VIRTCONSOLE5CLEAREv@4
                0x001068b4                _VESAGETINFO@0
                0x001063c4                _IRQ_THREAD_TERMINATED@4
                0x00104f94                _MEMCPY512@12
                0x00109774                __ZN6SIGNALC1Ev
                0x00109e14                __ZN10IPCMESSAGED1Ev
                0x00108374                __ZN15THREADSCHEDULER17SETTHREADREADYNOWEP6THREAD@8
                0x00104194                _STRTOUPPERFIX@4
                0x00105864                _PMM_FREEPAGE@4
                0x00104f74                _MEMCPY32@12
                0x00107e84                __ZN6THREAD9ADDTOLISTEv@4
                0x001018a4                _GDT_INIT@0
                0x00102414                __ZN10VMMCONTEXT7RESOLVEEPv@8
                0x00106c54                _VESARESETSCREEN@0
                0x00103264                __ZN11VIRTCONSOLE5WRITEEPh@8
                0x00101c84                _VMM_INIT_LOCAL@0
                0x00107834                __ZN17ADDRESSSPACEENTRY4SBRKEm@8
                0x00102b94                __ZN8SPINLOCK4INITEv@4
                0x00102b14                _PIC_IS_SPURIOUS@4
                0x00102584                _MASK_IRQ@0
                0x001097d4                __ZN6SIGNALD1Ev
                0x00102564                _UNMASK_IRQ@0
                0x00106074                _SET_IDT@12
                0x00101ea4                __ZN10VMMCONTEXT8ACTIVATEEv@4
                0x00103654                _CONSOLEWRITE@4
                0x00101d14                __ZN10VMMCONTEXTD1Ev
                0x00107154                __ZN7PROCESS10DOLOADFLATEv@4
                0x00102824                _READ_RTC@0
                0x00103d94                _STRCONTAINS@8

.rodata
 *(.rodata)

.data           0x0010b000      0x670
 *(.data)
 .data          0x0010b000      0x670 obj/main.o

.ctors          0x0010b670        0x8
 .ctors         0x0010b670        0x8 obj/main.o

.dtors          0x0010b678        0x4
 .dtors         0x0010b678        0x4 obj/main.o

.bss            0x0010b67c   0x2029b0
                0x0010b67c                SBSS = .
 *(COMMON)
 *(.bss)
 .bss           0x0010b67c   0x100000 obj/0Start.o
 .bss           0x0020b67c   0x1029b0 obj/main.o
                0x0030e02c                EBSS = .
                0x0030e02c                _KERNEL_END = .
OUTPUT(bin/kernel.elf elf32-i386)

.rel.dyn        0x0030e02c        0x0
 .rel.text      0x00000000        0x0 obj/0Start.o
