
Memory Configuration

Name             Origin             Length             Attributes
*default*        0x00000000         0xffffffff

Linker script and memory map

LOAD obj/Interrupts.o
LOAD obj/start.o
LOAD obj/main.o
                0x00100000                . = 0x100000

.text           0x00100000     0x8c14
                0x00100000                _KERNEL_START = .
 *(.text)
 .text          0x00100000      0x4f4 obj/Interrupts.o
                0x001003f0                _INTERRUPT_TAB@0
 .text          0x001004f4      0x1cf obj/start.o
                0x00100510                system_halt
                0x00100514                _realmode_begin
                0x001004f8                Mboot
                0x001006c3                _realmode_end
 *fill*         0x001006c3        0x1 00
 .text          0x001006c4     0x8550 obj/main.o
                0x00107494                __ZN15THREADSCHEDULER17SETTHREADREALTIMEEP6THREADm@12
                0x00101924                _GET_RTC_UPDATE_IN_PROGRESS_FLAG@0
                0x00101ff4                __ZN11VIRTCONSOLE8ACTIVATEEv@4
                0x001018a4                _PIC_INIT@0
                0x00107114                __ZN11THREADQUEUE10RTCDEQUEUEEv@4
                0x00108a34                __ZN14USERMODEDEVICE4FINDEPh@4
                0x00102f04                _STRLASTINDEXOF@8
                0x00102c74                _STRTRIM@4
                0x00107594                __ZN15THREADSCHEDULER13RESETPRIORITYEP6THREAD@8
                0x00105634                _IRQ_ENABLE@4
                0x00104dd4                _KALLOC@4
                0x00103544                _STRCAT@8
                0x00102984                _CONSOLECLEAR@0
                0x00105604                _IRQ_WAIT@4
                0x00101024                _VMM_KERNEL_AUTOMAP@12
                0x00105ec4                __ZN7PROCESSD1Ev
                0x00106a24                _KERNEL_IDLE@4
                0x00106904                __ZN6THREAD11INITMANAGEREv@0
                0x00102b94                _STRLEN@4
                0x00102bd4                _STRWLEN@4
                0x001065b4                __ZN7PROCESS15REQUESTLOADUSEREP17EXECUTABLE_HEADERmPh@12
                0x00106974                __ZN6THREAD5READYEv@0
                0x001084f4                _XAPPSIGNAL2PARAMETERS@16
                0x001020d4                __ZN11VIRTCONSOLE7PRINTOKEv@4
                0x00102fd4                _STRNCMP@12
                0x00105f94                __ZN7PROCESS13CREATECONSOLEEv@4
                0x00102c24                _STRDLEN@4
                0x00102544                __ZN11VIRTCONSOLE9WRITELINEEPh@8
                0x00108574                _XAPPSIGNAL6PARAMETERS@32
                0x001068b4                _THREADMANAGERLOCK@0
                0x00100d74                _GDT_CREATE_SEG@16
                0x00104724                _PMM_STRIPE@8
                0x00100bd4                _GDT_DELETE@4
                0x00102a84                _SQRT@8
                0x00104774                _PMM_ALLOCPAGE@4
                0x00102884                _CONSOLEWRITESIGNED@4
                0x00102b44                _FSIN@8
                0x00108804                __ZN9SEMAPHORED1Ev
                0x00105714                _IRQ_ATTACH_HANDLER@8
                0x001041f4                _ATOF@4
                0x001045c4                _PMM_GET_FREEPAGES_COUNT@0
                0x00106614                __ZN7PROCESS4SBRKEm@8
                0x00106fd4                __ZN11THREADQUEUE10ENQUEUENOWEP6THREAD@8
                0x00100994                _DOREALMODEACTIONREG@32
                0x00106b74                __ZN6THREAD9CREATESYSEPFvPvEm@8
                0x00103b04                _ULONGTOSTR@8
                0x00108994                _UDEV_INIT@0
                0x001030d4                _STRWCMP@8
                0x00101174                __ZN10VMMCONTEXT10INITIALIZEEv@4
                0x00105d84                __ZN7PROCESSC1Ev
                0x00102e24                _STRINDEXOF@8
                0x00102014                __ZN11VIRTCONSOLE7PUTCHAREa@8
                0x00107714                __ZN15THREADSCHEDULER8SCHEDULEEv@4
                0x00101f14                _CONSOLEINIT@0
                0x00102af4                _FCOS@8
                0x00102794                _CONSOLEWRITETEXTANDHEX@12
                0x001072f4                __ZN15THREADSCHEDULER12REMOVETHREADEP6THREAD@8
                0x001015a4                __ZN10VMMCONTEXT8MAP_PAGEEPvS0_m@16
                0x001013a4                __ZN10VMMCONTEXT14FREE_PAGETABLEEPm@8
                0x00107a24                _SYSCALL30HANDLER@4
                0x00102754                _CONSOLESETBACKGROUND@4
                0x00104994                _SLABINIT@0
                0x00106864                _ENTERCRITICAL@0
                0x00100fa4                _VMM_EXIT@0
                0x00101964                _GET_RTC_REGISTER@4
                0x001044b4                _ATOLHEX@4
                0x00107014                __ZN11THREADQUEUE7ENQUEUEEP6THREAD@8
                0x00103ce4                _UINTTOSTR@8
                0x00102774                _CONSOLEWRITELINE@4
                0x001055e4                _DEFAULTIRQHANDLER@4
                0x00104db4                _PAGEFREE@4
                0x00106aa4                __ZN6THREADD1Ev
                0x001068a4                _THREADSLEEP@0
                0x00105aa4                _VESAPROBE@0
                0x00105a04                _VESAGETMODEINFO@4
                0x00106774                __ZN7PROCESS9TERMINATEEPS_Pv@8
                0x00104594                _ABSOLUTE@4
                0x00100864                _DOREALMODEACTION@4
                0x00101724                __ZN10VMMCONTEXT10UNMAP_PAGEEPv@8
                0x001006c4                _MAIN@4
                0x00103ec4                _STRCPY@8
                0x001067e4                __ZN7PROCESS12TERMINATENOWEPS_@4
                0x00100ea4                _VMM_INIT@0
                0x00101064                _VMM_KERNEL_UNMAP@8
                0x00103044                _STRCMP@8
                0x00103f24                _memcpy
                0x00102994                _CONSOLEUPDATECURSOR@0
                0x00104064                _memset
                0x001042f4                _ATOIHEX@4
                0x00107064                __ZN11THREADQUEUE12ENQUEUERANGEEP6THREADS1_m@16
                0x00106a44                _INT20HANDLER@4
                0x001007b4                _KERNEL_ERROR@8
                0x00105c14                _VESASETMODE@4
                0x001028c4                _CONSOLEWRITEUNUMBER@8
                0x00104924                _GETSMALLESTPOWEROFTWOO@4
                0x00101744                __ZN10VMMCONTEXT11UNMAP_RANGEEPvm@12
                0x001057d4                __ZN18IRQ_THREAD_HANDLER7ENQUEUEEP15IRQ_THREAD_POOL@8
                0x001050f4                _INT_HANDLER@4
                0x001040a4                _MEMSET32@12
                0x00103f44                _MEMCPY16@12
                0x00101504                __ZN10VMMCONTEXT7AUTOMAPEPvmmmm@24
                0x00100df4                _LDT_SET_GATE@20
                0x001012e4                __ZN10VMMCONTEXT13GET_PAGETABLEEm@8
                0x00106f84                __ZN11THREADQUEUEC1Ev
                0x00104d14                __ZN4SLAB4FREEEPv@8
                0x001056a4                _IRQ_DISABLE@4
                0x001013d4                __ZN10VMMCONTEXT15FIND_FREE_PAGESEmmm@16
                0x00105d54                __ZN7PROCESS10INITENGINEEv@0
                0x00104fc4                _INTERRUPTSMANAGER_INIT@0
                0x00100dc4                _GDT_SET_GATE@20
                0x00104e24                __ZN9IRQ_STACK4DUMPEv@4
                0x00105754                _IRQ_SEND_ACK@4
                0x00103204                _STRTOUPPER@4
                0x00105734                _IRQ_DETACH_HANDLER@4
                0x001040c4                _ATOI@4
                0x00106ee4                __ZN6THREAD6DOWAITEP9IRQ_STACK@8
                0x00102924                _CONSOLEPRINTOK@0
                0x001064d4                __ZN7PROCESS14REQUESTLOADMEMEP17EXECUTABLE_HEADERmmPh@16
                0x00107234                __ZN15THREADSCHEDULERC1Ev
                0x001016b4                __ZN10VMMCONTEXT9MAP_RANGEEPvS0_S0_m@20
                0x001076b4                __ZN15THREADSCHEDULER11THREADCOUNTEv@4
                0x001029a4                _MODULES_INIT@4
                0x00100814                _REALMODE_INIT@0
                0x00103614                _FTOA@12
                0x00101004                _VMM_GET_CURRENT_CONTEXT@0
                0x001066a4                __ZN7PROCESS9ADDTHREADEPv@8
                0x001049f4                __ZN12SLABMETADATA6KALLOCEm@8
                0x001083f4                _SYSCALL31HANDLER@4
                0x00108924                __ZN9SEMAPHORE9SEMUNLOCKEP6THREAD@8
                0x00103824                _FLOATTOSTR@4
                0x00101ac4                _GETTIMEBCD@0
                0x00107544                __ZN15THREADSCHEDULER14SETTHREADREADYEP6THREADm@12
                0x00103354                _STRTOLOWER@4
                0x00101fc4                __ZN11VIRTCONSOLED1Ev
                0x00104b74                __ZN4SLAB4INITEt@8
                0x00103994                _DOUBLETOSTR@8
                0x00108634                _XAPPIRQRECEIVED@8
                0x001027c4                _CONSOLEWRITETEXTANDDEC@12
                0x00103414                _SUBSTRING@12
                0x00101834                _SET_TIMER_FREQ@4
                0x00102734                _CONSOLESETFOREGROUND@4
                0x00104084                _MEMSET16@12
                0x001070b4                __ZN11THREADQUEUE7DEQUEUEEv@4
                0x00101244                __ZN10VMMCONTEXT4SYNCEv@4
                0x00102934                _CONSOLEPRINTFAIL@0
                0x001034e4                _STRENDSWITH@8
                0x00103174                _STRREV@4
                0x00104c64                __ZN4SLAB5ALLOCEm@8
                0x001045e4                _PMM_INIT@4
                0x001019a4                _GETDATEBCD@0
                0x00103dc4                _INTTOSTR@8
                0x00100b04                _GDT_FIND_FREE@0
                0x00106244                __ZN7PROCESS14PARSEARGUMENTSEv@4
                0x001089a4                __ZN14USERMODEDEVICE6CREATEEPhP6THREADmm@16
                0x001022c4                __ZN11VIRTCONSOLE9PRINTFAILEv@4
                0x001032c4                _STRTOLOWERFIX@4
                0x00102654                __ZN11VIRTCONSOLE7NEWLINEEv@4
                0x00104b04                __ZN12SLABMETADATA5KFREEEPv@8
                0x00104e04                _KFREE@4
                0x00103fe4                _MEMCPY64@12
                0x00105774                _IRQ_SET_THREAD_HANDLER@16
                0x001028e4                _CONSOLEWRITENUMBER@8
                0x00106884                _EXITCRITICAL@0
                0x00108864                __ZN9SEMAPHORE7SEMLOCKEP6THREAD@8
                0x00106024                __ZN7PROCESS11FREECONSOLEEv@4
                0x00107364                __ZN15THREADSCHEDULER6SWITCHEP9IRQ_STACKP6THREAD@12
                0x00102974                _CONSOLENEWLINE@0
                0x00102904                _CONSOLEPUTCHAR@4
                0x001043d4                _ATOL@4
                0x00108a94                __ZN14USERMODEDEVICE6INVOKEEmP6THREADmmmm@24
                0x00107184                __ZN11THREADQUEUE6REMOVEEP6THREAD@8
                0x00106d14                __ZN6THREAD6CREATEEP7PROCESSPFvPvEm@12
                0x001024c4                __ZN11VIRTCONSOLE9BACKSPACEEv@4
                0x00102944                _CONSOLEBACKSPACE@0
                0x001068f4                _THREADMANAGERUNLOCK@0
                0x001066d4                __ZN7PROCESS23REQUESTTERMINATEPROCESSEPS_@4
                0x001075e4                __ZN15THREADSCHEDULER16INCREASEPRIORITYEm@8
                0x00108784                __ZN9SEMAPHOREC1Ev
                0x001078d4                _NEXTRANDOMNUMBER@8
                0x001060d4                __ZN7PROCESS6DOLOADEv@4
                0x00102684                __ZN11VIRTCONSOLE6SCROLLEv@4
                0x00103be4                _LONGTOSTR@8
                0x001027f4                _CONSOLEWRITETEXTANDSIZE@12
                0x00106994                _PROCESS_MANAGER@4
                0x001026e4                __ZN11VIRTCONSOLE5CLEAREv@4
                0x00105994                _VESAGETINFO@0
                0x00105884                _IRQ_THREAD_TERMINATED@4
                0x00103f84                _MEMCPY512@12
                0x00107504                __ZN15THREADSCHEDULER17SETTHREADREADYNOWEP6THREAD@8
                0x00104874                _PMM_FREEPAGE@4
                0x00103f64                _MEMCPY32@12
                0x00106ea4                __ZN6THREAD9ADDTOLISTEv@4
                0x00100c24                _GDT_INIT@0
                0x00101794                __ZN10VMMCONTEXT7RESOLVEEPv@8
                0x00104d84                _PAGEALLOC@4
                0x00105d34                _VESARESETSCREEN@0
                0x00102564                __ZN11VIRTCONSOLE5WRITEEPh@8
                0x00101094                _VMM_INIT_LOCAL@0
                0x00101e94                _PIC_IS_SPURIOUS@4
                0x00101904                _MASK_IRQ@0
                0x001018e4                _UNMASK_IRQ@0
                0x00105094                _SET_IDT@12
                0x00101294                __ZN10VMMCONTEXT8ACTIVATEEv@4
                0x00102954                _CONSOLEWRITE@4
                0x00101114                __ZN10VMMCONTEXTD1Ev
                0x00100a04                _INIT_KTSS@0
                0x00105824                __ZN18IRQ_THREAD_HANDLER7DEQUEUEEv@4
                0x00101ba4                _READ_RTC@0
                0x00102e04                _STRCONTAINS@8

.rodata
 *(.rodata)

.data           0x00109000      0x6a8
 *(.data)
 .data          0x00109000      0x6a8 obj/main.o

.ctors          0x001096a8        0x8
 .ctors         0x001096a8        0x8 obj/main.o

.dtors          0x001096b0        0x4
 .dtors         0x001096b0        0x4 obj/main.o

.bss            0x001096b4   0x502738
                0x001096b4                SBSS = .
 *(COMMON)
 *(.bss)
 .bss           0x001096b4   0x100000 obj/start.o
 .bss           0x002096b4   0x402738 obj/main.o
                0x0060bdec                EBSS = .
                0x0060bdec                _KERNEL_END = .
OUTPUT(bin/kernel.elf elf32-i386)

.rel.dyn        0x0060bdec        0x0
 .rel.text      0x00000000        0x0 obj/Interrupts.o
