
Memory Configuration

Name             Origin             Length             Attributes
*default*        0x00000000         0xffffffff

Linker script and memory map

LOAD obj/Interrupts.o
LOAD obj/start.o
LOAD obj/main.o
                0x00100000                . = 0x100000

.text           0x00100000     0xbeb4
                0x00100000                _KERNEL_START = .
 *(.text)
 .text          0x00100000      0x4f4 obj/Interrupts.o
                0x001003f0                _INTERRUPT_TAB@0
 .text          0x001004f4       0x20 obj/start.o
                0x00100510                system_halt
                0x001004f8                Mboot
 .text          0x00100514     0xb9a0 obj/main.o
                0x0010a224                __ZN15THREADSCHEDULER17SETTHREADREALTIMEEP6THREADm@12
                0x00106534                _HD_INIT@0
                0x00108594                _FAT_WRITEFILE@16
                0x00106414                __ZN9VFS_ENTRY10CREATE_DIREPh@8
                0x00107984                __ZN16FAT_FS_RESSOURCE4FINDEPhhP9FAT_ENTRY@16
                0x00106944                _HD_WAIT@4
                0x00101744                _GET_RTC_UPDATE_IN_PROGRESS_FLAG@0
                0x00104194                __ZN7TSTRING11LASTINDEXOFEPh@8
                0x00106374                __ZN9VFS_ENTRY10WRITE_FILEEPhmS0_@16
                0x001016c4                _PIC_INIT@0
                0x00108254                __ZN16FAT_FS_RESSOURCE12FREE_CLUSTEREm@8
                0x00108b54                _FAT_LOADFILE@12
                0x00109ed4                __ZN11THREADQUEUE10RTCDEQUEUEEv@4
                0x00103e94                _TSTRINGDESTROY@4
                0x00103eb4                __ZN7TSTRING6CREATEEv@0
                0x00102ba4                _STRLASTINDEXOF@8
                0x00102914                _STRTRIM@4
                0x0010a2e4                __ZN15THREADSCHEDULER13RESETPRIORITYEP6THREAD@8
                0x001052e4                _IRQ_ENABLE@4
                0x001041c4                __ZN7TSTRING12CONTAINSCHAREh@8
                0x00109444                __ZN7PROCESS11REQUESTLOADEPhPv@8
                0x00104ad4                _KALLOC@4
                0x001030b4                _STRCAT@8
                0x001025f4                _CONSOLECLEAR@0
                0x001082e4                __ZN16FAT_FS_RESSOURCE13ALLOC_CLUSTEREm@8
                0x001052b4                _IRQ_WAIT@4
                0x00100e84                _VMM_KERNEL_AUTOMAP@12
                0x001092a4                __ZN7PROCESSD1Ev
                0x00103d94                _DESTROYOBJ@4
                0x00109824                _KERNEL_IDLE@4
                0x00105c14                _VFS_GET_FILE_SYSTEM_BY_NAME@4
                0x00109724                __ZN6THREAD11INITMANAGEREv@0
                0x001028d4                _STRLEN@4
                0x00109194                _FATFS_READSECTORS@16
                0x0010b9b4                __ZN10FILEHANDLE5FLUSHEv@4
                0x00104044                __ZN7TSTRING10APPENDTEXTEPh@8
                0x001042a4                __ZN7TSTRING6ASUINTEv@4
                0x0010b864                __ZN10FILEHANDLE12CREATEBUFFEREm@8
                0x001040e4                __ZN7TSTRING7TOUPPEREv@4
                0x00107d74                __ZN16FAT_FS_RESSOURCE10WRITE_ROOTEP9FAT_ENTRY@8
                0x00109794                __ZN6THREAD5READYEv@0
                0x0010b3a4                _XAPPSIGNAL2PARAMETERS@16
                0x00105684                __ZN8IODEVICEC1Ev
                0x00108074                __ZN16FAT_FS_RESSOURCE11SET_CLUSTEREmm@12
                0x00102c74                _STRNCMP@12
                0x00104104                __ZN7TSTRING6SUBSTREml@12
                0x001037c4                _MEMSET@12
                0x00106254                __ZN9VFS_ENTRY9LOAD_FILEEPhPm@12
                0x00105df4                _VFS_DELETE_FILE@4
                0x00103f54                __ZN7TSTRING12RESIZEBUFFEREm@8
                0x00100c14                _GDT_CREATE_SEG@16
                0x00104444                _PMM_STRIPE@8
                0x0010b764                __ZN10FILEHANDLEC1Ev
                0x00100a74                _GDT_DELETE@4
                0x001027c4                _SQRT@8
                0x00104494                _PMM_ALLOCPAGE@4
                0x00102484                _CONSOLEWRITESIGNED@4
                0x00102884                _FSIN@8
                0x0010b5d4                __ZN9SEMAPHORED1Ev
                0x001053c4                _IRQ_ATTACH_HANDLER@8
                0x00103954                _ATOF@4
                0x001042e4                _PMM_GET_FREEPAGES_COUNT@0
                0x001094b4                __ZN7PROCESS4SBRKEm@8
                0x00100834                _DOREALMODEACTIONREG@32
                0x00109974                __ZN6THREAD9CREATESYSEPFvPvEm@8
                0x0010b804                __ZN10FILEHANDLE12DELETEBUFFEREv@4
                0x00107df4                __ZN16FAT_FS_RESSOURCE4READEmPh@12
                0x00100fb4                __ZN10VMMCONTEXT10INITIALIZEEv@4
                0x00109214                __ZN7PROCESSC1Ev
                0x00102ac4                _STRINDEXOF@8
                0x0010a464                __ZN15THREADSCHEDULER8SCHEDULEEv@4
                0x00101d34                _CONSOLEINIT@0
                0x00107ed4                __ZN16FAT_FS_RESSOURCE5WRITEEmPh@12
                0x00102834                _FCOS@8
                0x00101df4                _CONSOLEWRITETEXTANDHEX@12
                0x0010a0b4                __ZN15THREADSCHEDULER12REMOVETHREADEP6THREAD@8
                0x0010b8d4                __ZN10FILEHANDLE6CREATEEPh@8
                0x001013c4                __ZN10VMMCONTEXT8MAP_PAGEEPvS0_m@16
                0x001011c4                __ZN10VMMCONTEXT14FREE_PAGETABLEEPm@8
                0x0010a774                _SYSCALL30HANDLER@4
                0x001056e4                __ZN11BLOCKDEVICEC1Ev
                0x00101db4                _CONSOLESETBACKGROUND@4
                0x00108394                __ZN16FAT_FS_RESSOURCE17FIND_FREE_CLUSTEREv@4
                0x00104694                _SLABINIT@0
                0x00105f04                _VFS_WRITE_FILE@12
                0x001067f4                _DETECT_PARTITIONS@4
                0x00107cb4                __ZN16FAT_FS_RESSOURCE15ABSOLUTE_SECTOREm@8
                0x00105ce4                _VFS_LOAD_FILE@8
                0x001096d4                _ENTERCRITICAL@0
                0x00103ee4                __ZN7TSTRING7SETTEXTEPh@8
                0x00100e24                _VMM_EXIT@0
                0x00101784                _GET_RTC_REGISTER@4
                0x00103c14                _ATOLHEX@4
                0x00109dd4                __ZN11THREADQUEUE7ENQUEUEEP6THREAD@8
                0x00101dd4                _CONSOLEWRITELINE@4
                0x00105294                _DEFAULTIRQHANDLER@4
                0x00106de4                _HD_READ@16
                0x00104ab4                _PAGEFREE@4
                0x001098a4                __ZN6THREADD1Ev
                0x00109714                _THREADSLEEP@0
                0x00106f74                _VESAPROBE@0
                0x00106ed4                _VESAGETMODEINFO@4
                0x00109674                __ZN7PROCESS9TERMINATEEPS_Pv@8
                0x00103cf4                _ABSOLUTE@4
                0x001040c4                __ZN7TSTRING7TOLOWEREv@4
                0x00100704                _DOREALMODEACTION@4
                0x00101544                __ZN10VMMCONTEXT10UNMAP_PAGEEPv@8
                0x00100514                _MAIN@4
                0x00103624                _STRCPY@8
                0x00109574                __ZN7PROCESS12TERMINATENOWEPS_@4
                0x00100d44                _VMM_INIT@0
                0x00107cf4                __ZN16FAT_FS_RESSOURCE9READ_ROOTEP9FAT_ENTRY@8
                0x00100ec4                _VMM_KERNEL_UNMAP@8
                0x00102ce4                _STRCMP@8
                0x00102374                _CONSOLEUPDATECURSOR@0
                0x00103a54                _ATOIHEX@4
                0x00105644                __ZN6DEVICEC1Ev
                0x00109e24                __ZN11THREADQUEUE12ENQUEUERANGEEP6THREADS1_m@16
                0x00109844                _INT20HANDLER@4
                0x00100614                _KERNEL_ERROR@8
                0x00106024                _VFS_CREATE_DIR@4
                0x00106984                _HD_READ_SECTOR@16
                0x001070e4                _VESASETMODE@4
                0x00105a04                _VFS_ADD_FS_DESCRIPTOR@4
                0x00105ac4                _VFS_MOUNT@12
                0x001076d4                __ZN16FAT_FS_RESSOURCE10FIND_ENTRYEPamPmS1_S1_h@28
                0x00104624                _GETSMALLESTPOWEROFTWOO@4
                0x00105764                _DEVMGR_INIT@0
                0x00101564                __ZN10VMMCONTEXT11UNMAP_RANGEEPvm@12
                0x00105484                __ZN18IRQ_THREAD_HANDLER7ENQUEUEEP15IRQ_THREAD_POOL@8
                0x00104df4                _INT_HANDLER@4
                0x00103804                _MEMSET32@12
                0x001036a4                _MEMCPY16@12
                0x00101324                __ZN10VMMCONTEXT7AUTOMAPEPvmmmm@24
                0x00103e44                __ZN7TSTRINGD1Ev
                0x00100c94                _LDT_SET_GATE@20
                0x00101104                __ZN10VMMCONTEXT13GET_PAGETABLEEm@8
                0x00109d84                __ZN11THREADQUEUEC1Ev
                0x00108424                __ZN16FAT_FS_RESSOURCE9COUNT_REPEP9FAT_ENTRY@8
                0x00104a14                __ZN4SLAB4FREEEPv@8
                0x00105354                _IRQ_DISABLE@4
                0x001011f4                __ZN10VMMCONTEXT15FIND_FREE_PAGESEmmm@16
                0x001091f4                __ZN7PROCESS10INITENGINEEv@0
                0x00104cc4                _INTERRUPTSMANAGER_INIT@0
                0x00100c64                _GDT_SET_GATE@20
                0x00105784                _DEVMGR_FIND@4
                0x00104b24                __ZN9IRQ_STACK4DUMPEv@4
                0x00105404                _IRQ_SEND_ACK@4
                0x001058a4                _DEVMGR_CREATE_IO_DEVICE@4
                0x00102e04                _STRTOUPPER@4
                0x001053e4                _IRQ_DETACH_HANDLER@4
                0x00103824                _ATOI@4
                0x00109ce4                __ZN6THREAD6DOWAITEP9IRQ_STACK@8
                0x00105944                _DEVMGR_CREATE_BLOCK_DEVICE@4
                0x00105994                _VFS_INIT@0
                0x00101fa4                _CONSOLEPRINTOK@0
                0x00109ff4                __ZN15THREADSCHEDULERC1Ev
                0x001014d4                __ZN10VMMCONTEXT9MAP_RANGEEPvS0_S0_m@20
                0x00103ff4                __ZN7TSTRING10APPENDCHAREh@8
                0x00102794                _MIN@8
                0x0010a404                __ZN15THREADSCHEDULER11THREADCOUNTEv@4
                0x00102694                _MODULES_INIT@4
                0x00100674                _REALMODE_INIT@0
                0x00103184                _FTOA@12
                0x00100e64                _VMM_GET_CURRENT_CONTEXT@0
                0x00109544                __ZN7PROCESS9ADDTHREADEPv@8
                0x001046f4                __ZN12SLABMETADATA6KALLOCEm@8
                0x001062e4                __ZN9VFS_ENTRY11DELETE_FILEEPh@8
                0x0010aff4                _SYSCALL31HANDLER@4
                0x001071f4                _FAT_INIT@0
                0x0010b6f4                __ZN9SEMAPHORE9SEMUNLOCKEP6THREAD@8
                0x00107274                _FAT_FORMAT@4
                0x001018e4                _GETTIMEBCD@0
                0x0010a294                __ZN15THREADSCHEDULER14SETTHREADREADYEP6THREADm@12
                0x001093b4                __ZN7PROCESS14REQUESTLOADMEMEP17EXECUTABLE_HEADERmPvm@16
                0x00102ec4                _STRTOLOWER@4
                0x00108d54                _FAT_LISTDIR@24
                0x00104874                __ZN4SLAB4INITEt@8
                0x00103394                _DOUBLETOSTR@8
                0x0010bc44                __ZN10FILEHANDLE5WRITEEmPh@12
                0x00106bb4                _HD_WRITE_SECTOR@16
                0x0010b424                _XAPPIRQRECEIVED@8
                0x00101e24                _CONSOLEWRITETEXTANDDEC@12
                0x00102f84                _SUBSTRING@12
                0x00101654                _SET_TIMER_FREQ@4
                0x001064a4                __ZN9VFS_ENTRY8LIST_DIREPhmP17VFSDIRECTORYENTRYmm@24
                0x00101d94                _CONSOLESETFOREGROUND@4
                0x001037e4                _MEMSET16@12
                0x00109e74                __ZN11THREADQUEUE7DEQUEUEEv@4
                0x00101064                __ZN10VMMCONTEXT4SYNCEv@4
                0x00102194                _CONSOLEPRINTFAIL@0
                0x00103dc4                __ZN7TSTRINGC1Ev
                0x00108c94                _FAT2STR@8
                0x00109124                _FATFS_WRITESECTORS@16
                0x00103d64                __ZN7TOBJECTD1Ev
                0x00103054                _STRENDSWITH@8
                0x00102d74                _STRREV@4
                0x0010b0b4                _SYSCALL33HANDLER@4
                0x00104964                __ZN4SLAB5ALLOCEm@8
                0x00104304                _PMM_INIT@4
                0x001017c4                _GETDATEBCD@0
                0x00103514                _INTTOSTR@8
                0x001009a4                _GDT_FIND_FREE@0
                0x00107ab4                _STR2FAT@8
                0x0010b8f4                __ZN10FILEHANDLE4OPENEPh@8
                0x00104804                __ZN12SLABMETADATA5KFREEEPv@8
                0x00107f64                __ZN16FAT_FS_RESSOURCE13FIND_FATENTRYEm@8
                0x00102644                _CONSOLESCROLL@0
                0x00104b04                _KFREE@4
                0x00103744                _MEMCPY64@12
                0x00103684                _MEMCPY@12
                0x00105424                _IRQ_SET_THREAD_HANDLER@16
                0x00102464                _CONSOLEWRITENUMBER@8
                0x001096f4                _EXITCRITICAL@0
                0x0010b634                __ZN9SEMAPHORE7SEMLOCKEP6THREAD@8
                0x0010b7f4                __ZN10FILEHANDLED1Ev
                0x00105854                _DEVMGR_CREATE_DEVICE@4
                0x0010bb24                __ZN10FILEHANDLE8READLINEEPh@8
                0x001058f4                _DEVMGR_CREATE_CHAR_DEVICE@4
                0x0010a124                __ZN15THREADSCHEDULER6SWITCHEP9IRQ_STACKP6THREAD@12
                0x001025c4                _CONSOLENEWLINE@0
                0x00103d74                _TOBJECTDESTROY@4
                0x00101ed4                _CONSOLEPUTCHAR@4
                0x00103b34                _ATOL@4
                0x00109f44                __ZN11THREADQUEUE6REMOVEEP6THREAD@8
                0x00109b14                __ZN6THREAD6CREATEEP7PROCESSPFvPvEm@12
                0x00106654                _HD_DETECT@4
                0x001023d4                _CONSOLEBACKSPACE@0
                0x001095e4                __ZN7PROCESS23REQUESTTERMINATEPROCESSEPS_@4
                0x0010a334                __ZN15THREADSCHEDULER16INCREASEPRIORITYEm@8
                0x0010b554                __ZN9SEMAPHOREC1Ev
                0x0010a624                _NEXTRANDOMNUMBER@8
                0x00109304                __ZN7PROCESS6DOLOADEv@4
                0x00101e54                _CONSOLEWRITETEXTANDSIZE@12
                0x001097b4                _PROCESS_MANAGER@4
                0x001059c4                _VFS_SHOW_DESCRIPTORS@0
                0x0010ba04                __ZN10FILEHANDLE5LSEEKEl10SEEKORIGIN@12
                0x00106e64                _VESAGETINFO@0
                0x00105534                _IRQ_THREAD_TERMINATED@4
                0x001040a4                __ZN7TSTRING4TRIMEv@4
                0x001036e4                _MEMCPY512@12
                0x00104574                _PMM_FREEPAGE@4
                0x001036c4                _MEMCPY32@12
                0x00109ca4                __ZN6THREAD9ADDTOLISTEv@4
                0x00104134                __ZN7TSTRING7COMPAREEPh@8
                0x00104264                __ZN7TSTRING5ASINTEv@4
                0x00100ac4                _GDT_INIT@0
                0x001015b4                __ZN10VMMCONTEXT7RESOLVEEPv@8
                0x00104a84                _PAGEALLOC@4
                0x001071d4                _VESARESETSCREEN@0
                0x00100ef4                _VMM_INIT_LOCAL@0
                0x00103d24                __ZN7TOBJECTC1Ev
                0x001056b4                __ZN10CHARDEVICEC1Ev
                0x00101cb4                _PIC_IS_SPURIOUS@4
                0x00101724                _MASK_IRQ@0
                0x00104164                __ZN7TSTRING7INDEXOFEPh@8
                0x00101704                _UNMASK_IRQ@0
                0x00104d94                _SET_IDT@12
                0x00105a24                _VFS_FORMAT@8
                0x0010ba84                __ZN10FILEHANDLE4READEmPh@12
                0x00107284                _FAT_SELECT@8
                0x001010b4                __ZN10VMMCONTEXT8ACTIVATEEv@4
                0x001024c4                _CONSOLEWRITE@4
                0x00104224                __ZN7TSTRING12ENDSWITHCHAREh@8
                0x00100f54                __ZN10VMMCONTEXTD1Ev
                0x001008a4                _INIT_KTSS@0
                0x00106134                _VFS_LIST_DIR@20
                0x00106e24                _HD_WRITE@16
                0x001054d4                __ZN18IRQ_THREAD_HANDLER7DEQUEUEEv@4
                0x001019c4                _READ_RTC@0
                0x00102aa4                _STRCONTAINS@8

.rodata
 *(.rodata)

.data           0x0010c000      0xb28
 *(.data)
 .data          0x0010c000      0xb28 obj/main.o

.ctors          0x0010cb28        0x8
 .ctors         0x0010cb28        0x8 obj/main.o

.dtors          0x0010cb30        0x4
 .dtors         0x0010cb30        0x4 obj/main.o

.bss            0x0010cb34   0x502f88
                0x0010cb34                SBSS = .
 *(COMMON)
 *(.bss)
 .bss           0x0010cb34   0x100000 obj/start.o
 .bss           0x0020cb34   0x402f88 obj/main.o
                0x0060fabc                EBSS = .
                0x0060fabc                _KERNEL_END = .
OUTPUT(bin/kernel.elf elf32-i386)

.rel.dyn        0x0060fabc        0x0
 .rel.text      0x00000000        0x0 obj/Interrupts.o
