
Memory Configuration

Name             Origin             Length             Attributes
*default*        0x00000000         0xffffffff

Linker script and memory map

LOAD obj/Interrupts.o
LOAD obj/start.o
LOAD obj/main.o
                0x00100000                . = 0x100000

.text           0x00100000     0xc5d4
                0x00100000                _KERNEL_START = .
 *(.text)
 .text          0x00100000      0x4f4 obj/Interrupts.o
                0x001003f0                _INTERRUPT_TAB@0
 .text          0x001004f4       0x20 obj/start.o
                0x00100510                system_halt
                0x001004f8                Mboot
 .text          0x00100514     0xc0c0 obj/main.o
                0x0010a8f4                __ZN15THREADSCHEDULER17SETTHREADREALTIMEEP6THREADm@12
                0x00106314                _HD_INIT@0
                0x00108cb4                _FAT_WRITEFILE@16
                0x001061f4                __ZN9VFS_ENTRY10CREATE_DIREPh@8
                0x001080a4                __ZN16FAT_FS_RESSOURCE4FINDEPhhP9FAT_ENTRY@16
                0x00106724                _HD_WAIT@4
                0x00101754                _GET_RTC_UPDATE_IN_PROGRESS_FLAG@0
                0x00103fc4                __ZN7TSTRING11LASTINDEXOFEPh@8
                0x00106154                __ZN9VFS_ENTRY10WRITE_FILEEPhmS0_@16
                0x001016d4                _PIC_INIT@0
                0x00108974                __ZN16FAT_FS_RESSOURCE12FREE_CLUSTEREm@8
                0x00109274                _FAT_LOADFILE@12
                0x0010a5a4                __ZN11THREADQUEUE10RTCDEQUEUEEv@4
                0x00103cc4                _TSTRINGDESTROY@4
                0x00103ce4                __ZN7TSTRING6CREATEEv@0
                0x00102ab4                _STRLASTINDEXOF@8
                0x00102824                _STRTRIM@4
                0x0010a9b4                __ZN15THREADSCHEDULER13RESETPRIORITYEP6THREAD@8
                0x001050c4                _IRQ_ENABLE@4
                0x00103ff4                __ZN7TSTRING12CONTAINSCHAREh@8
                0x00109ac4                __ZN7PROCESS11REQUESTLOADEPhPv@8
                0x001048b4                _KALLOC@4
                0x00102fc4                _STRCAT@8
                0x00102604                _CONSOLECLEAR@0
                0x00108a04                __ZN16FAT_FS_RESSOURCE13ALLOC_CLUSTEREm@8
                0x00105094                _IRQ_WAIT@4
                0x00100e94                _VMM_KERNEL_AUTOMAP@12
                0x001099c4                __ZN7PROCESSD1Ev
                0x00103bc4                _DESTROYOBJ@4
                0x00109ef4                _KERNEL_IDLE@4
                0x001059f4                _VFS_GET_FILE_SYSTEM_BY_NAME@4
                0x00109df4                __ZN6THREAD11INITMANAGEREv@0
                0x001027e4                _STRLEN@4
                0x001098b4                _FATFS_READSECTORS@16
                0x0010c0d4                __ZN10FILEHANDLE5FLUSHEv@4
                0x00103e74                __ZN7TSTRING10APPENDTEXTEPh@8
                0x00107404                _MOUSE_SET_DATA@0
                0x001040d4                __ZN7TSTRING6ASUINTEv@4
                0x0010bf84                __ZN10FILEHANDLE12CREATEBUFFEREm@8
                0x00103f14                __ZN7TSTRING7TOUPPEREv@4
                0x00108494                __ZN16FAT_FS_RESSOURCE10WRITE_ROOTEP9FAT_ENTRY@8
                0x00109e64                __ZN6THREAD5READYEv@0
                0x0010bac4                _XAPPSIGNAL2PARAMETERS@16
                0x00105464                __ZN8IODEVICEC1Ev
                0x00108794                __ZN16FAT_FS_RESSOURCE11SET_CLUSTEREmm@12
                0x00102b84                _STRNCMP@12
                0x00103f34                __ZN7TSTRING6SUBSTREml@12
                0x001035f4                _MEMSET@12
                0x00106034                __ZN9VFS_ENTRY9LOAD_FILEEPhPm@12
                0x00105bd4                _VFS_DELETE_FILE@4
                0x00103d84                __ZN7TSTRING12RESIZEBUFFEREm@8
                0x00106c44                _LOADKEYS@0
                0x00100c24                _GDT_CREATE_SEG@16
                0x00104224                _PMM_STRIPE@8
                0x0010be84                __ZN10FILEHANDLEC1Ev
                0x00100a84                _GDT_DELETE@4
                0x001026d4                _SQRT@8
                0x00104274                _PMM_ALLOCPAGE@4
                0x00102494                _CONSOLEWRITESIGNED@4
                0x00102794                _FSIN@8
                0x0010bcf4                __ZN9SEMAPHORED1Ev
                0x001051a4                _IRQ_ATTACH_HANDLER@8
                0x00103784                _ATOF@4
                0x00104114                _PMM_GET_FREEPAGES_COUNT@0
                0x00109b84                __ZN7PROCESS4SBRKEm@8
                0x00100844                _DOREALMODEACTIONREG@32
                0x0010a044                __ZN6THREAD9CREATESYSEPFvPvEm@8
                0x0010bf24                __ZN10FILEHANDLE12DELETEBUFFEREv@4
                0x00108514                __ZN16FAT_FS_RESSOURCE4READEmPh@12
                0x00100fc4                __ZN10VMMCONTEXT10INITIALIZEEv@4
                0x00109934                __ZN7PROCESSC1Ev
                0x001029d4                _STRINDEXOF@8
                0x0010ab34                __ZN15THREADSCHEDULER8SCHEDULEEv@4
                0x00101d44                _CONSOLEINIT@0
                0x001085f4                __ZN16FAT_FS_RESSOURCE5WRITEEmPh@12
                0x00102744                _FCOS@8
                0x00106e74                _KBD_HANDLER@4
                0x00101e04                _CONSOLEWRITETEXTANDHEX@12
                0x0010a784                __ZN15THREADSCHEDULER12REMOVETHREADEP6THREAD@8
                0x0010bff4                __ZN10FILEHANDLE6CREATEEPh@8
                0x001013d4                __ZN10VMMCONTEXT8MAP_PAGEEPvS0_m@16
                0x00107284                _MOUSE_WAIT@4
                0x001011d4                __ZN10VMMCONTEXT14FREE_PAGETABLEEPm@8
                0x00106d14                _INIT_KBD@0
                0x0010ae44                _SYSCALL30HANDLER@4
                0x001054c4                __ZN11BLOCKDEVICEC1Ev
                0x00101dc4                _CONSOLESETBACKGROUND@4
                0x00108ab4                __ZN16FAT_FS_RESSOURCE17FIND_FREE_CLUSTEREv@4
                0x00104474                _SLABINIT@0
                0x00105ce4                _VFS_WRITE_FILE@12
                0x001065d4                _DETECT_PARTITIONS@4
                0x00106e04                _KBD_GETCHAR@0
                0x00107164                _SET_MOUSE_LIMIT@8
                0x001083d4                __ZN16FAT_FS_RESSOURCE15ABSOLUTE_SECTOREm@8
                0x00105ac4                _VFS_LOAD_FILE@8
                0x00109da4                _ENTERCRITICAL@0
                0x00106d64                _KBD_INT_HANDLER@4
                0x00103d14                __ZN7TSTRING7SETTEXTEPh@8
                0x00100e34                _VMM_EXIT@0
                0x00101794                _GET_RTC_REGISTER@4
                0x00103a44                _ATOLHEX@4
                0x0010a4a4                __ZN11THREADQUEUE7ENQUEUEEP6THREAD@8
                0x00101de4                _CONSOLEWRITELINE@4
                0x00105074                _DEFAULTIRQHANDLER@4
                0x00106bc4                _HD_READ@16
                0x00104894                _PAGEFREE@4
                0x00109f74                __ZN6THREADD1Ev
                0x00109de4                _THREADSLEEP@0
                0x00107654                _VESAPROBE@0
                0x001075b4                _VESAGETMODEINFO@4
                0x00109d44                __ZN7PROCESS9TERMINATEEPS_Pv@8
                0x00103b24                _ABSOLUTE@4
                0x00103ef4                __ZN7TSTRING7TOLOWEREv@4
                0x00100714                _DOREALMODEACTION@4
                0x00106df4                _KBD_FLUSH@0
                0x00101554                __ZN10VMMCONTEXT10UNMAP_PAGEEPv@8
                0x00100514                _MAIN@4
                0x00103534                _STRCPY@8
                0x00109c44                __ZN7PROCESS12TERMINATENOWEPS_@4
                0x00100d54                _VMM_INIT@0
                0x00108414                __ZN16FAT_FS_RESSOURCE9READ_ROOTEP9FAT_ENTRY@8
                0x00100ed4                _VMM_KERNEL_UNMAP@8
                0x00102bf4                _STRCMP@8
                0x00102384                _CONSOLEUPDATECURSOR@0
                0x00103884                _ATOIHEX@4
                0x00105424                __ZN6DEVICEC1Ev
                0x0010a4f4                __ZN11THREADQUEUE12ENQUEUERANGEEP6THREADS1_m@16
                0x00109f14                _INT20HANDLER@4
                0x00100624                _KERNEL_ERROR@8
                0x00105e04                _VFS_CREATE_DIR@4
                0x00106764                _HD_READ_SECTOR@16
                0x001077c4                _VESASETMODE@4
                0x001057e4                _VFS_ADD_FS_DESCRIPTOR@4
                0x001058a4                _VFS_MOUNT@12
                0x00107df4                __ZN16FAT_FS_RESSOURCE10FIND_ENTRYEPamPmS1_S1_h@28
                0x00104404                _GETSMALLESTPOWEROFTWOO@4
                0x00105544                _DEVMGR_INIT@0
                0x00101574                __ZN10VMMCONTEXT11UNMAP_RANGEEPvm@12
                0x00105264                __ZN18IRQ_THREAD_HANDLER7ENQUEUEEP15IRQ_THREAD_POOL@8
                0x00104bd4                _INT_HANDLER@4
                0x00103634                _MEMSET32@12
                0x001035b4                _MEMCPY16@12
                0x00101334                __ZN10VMMCONTEXT7AUTOMAPEPvmmmm@24
                0x00103c74                __ZN7TSTRINGD1Ev
                0x00100ca4                _LDT_SET_GATE@20
                0x00101114                __ZN10VMMCONTEXT13GET_PAGETABLEEm@8
                0x0010a454                __ZN11THREADQUEUEC1Ev
                0x00108b44                __ZN16FAT_FS_RESSOURCE9COUNT_REPEP9FAT_ENTRY@8
                0x001047f4                __ZN4SLAB4FREEEPv@8
                0x00105134                _IRQ_DISABLE@4
                0x00101204                __ZN10VMMCONTEXT15FIND_FREE_PAGESEmmm@16
                0x00109914                __ZN7PROCESS10INITENGINEEv@0
                0x00104aa4                _INTERRUPTSMANAGER_INIT@0
                0x00100c74                _GDT_SET_GATE@20
                0x00105564                _DEVMGR_FIND@4
                0x00104904                __ZN9IRQ_STACK4DUMPEv@4
                0x001051e4                _IRQ_SEND_ACK@4
                0x00105684                _DEVMGR_CREATE_IO_DEVICE@4
                0x00102d14                _STRTOUPPER@4
                0x001051c4                _IRQ_DETACH_HANDLER@4
                0x00103654                _ATOI@4
                0x0010a3b4                __ZN6THREAD6DOWAITEP9IRQ_STACK@8
                0x00105724                _DEVMGR_CREATE_BLOCK_DEVICE@4
                0x00105774                _VFS_INIT@0
                0x00101fb4                _CONSOLEPRINTOK@0
                0x0010a6c4                __ZN15THREADSCHEDULERC1Ev
                0x001014e4                __ZN10VMMCONTEXT9MAP_RANGEEPvS0_S0_m@20
                0x00103e24                __ZN7TSTRING10APPENDCHAREh@8
                0x001026a4                _MIN@8
                0x0010aad4                __ZN15THREADSCHEDULER11THREADCOUNTEv@4
                0x00100684                _REALMODE_INIT@0
                0x00103094                _FTOA@12
                0x00100e74                _VMM_GET_CURRENT_CONTEXT@0
                0x00109c14                __ZN7PROCESS9ADDTHREADEPv@8
                0x001044d4                __ZN12SLABMETADATA6KALLOCEm@8
                0x001060c4                __ZN9VFS_ENTRY11DELETE_FILEEPh@8
                0x0010b714                _SYSCALL31HANDLER@4
                0x00107914                _FAT_INIT@0
                0x001072f4                _MOUSE_WRITE@4
                0x0010be14                __ZN9SEMAPHORE9SEMUNLOCKEP6THREAD@8
                0x00107994                _FAT_FORMAT@4
                0x001018f4                _GETTIMEBCD@0
                0x0010a964                __ZN15THREADSCHEDULER14SETTHREADREADYEP6THREADm@12
                0x00102dd4                _STRTOLOWER@4
                0x00109474                _FAT_LISTDIR@24
                0x00104654                __ZN4SLAB4INITEt@8
                0x001032a4                _DOUBLETOSTR@8
                0x0010c364                __ZN10FILEHANDLE5WRITEEmPh@12
                0x00106994                _HD_WRITE_SECTOR@16
                0x0010bb44                _XAPPIRQRECEIVED@8
                0x00101e34                _CONSOLEWRITETEXTANDDEC@12
                0x00102e94                _SUBSTRING@12
                0x00101664                _SET_TIMER_FREQ@4
                0x00106284                __ZN9VFS_ENTRY8LIST_DIREPhmP17VFSDIRECTORYENTRYmm@24
                0x00101da4                _CONSOLESETFOREGROUND@4
                0x00103614                _MEMSET16@12
                0x0010a544                __ZN11THREADQUEUE7DEQUEUEEv@4
                0x00101074                __ZN10VMMCONTEXT4SYNCEv@4
                0x001021a4                _CONSOLEPRINTFAIL@0
                0x00103bf4                __ZN7TSTRINGC1Ev
                0x001093b4                _FAT2STR@8
                0x001070d4                _INIT_MOUSE@0
                0x00109844                _FATFS_WRITESECTORS@16
                0x00103b94                __ZN7TOBJECTD1Ev
                0x00102f64                _STRENDSWITH@8
                0x00102c84                _STRREV@4
                0x0010b7d4                _SYSCALL33HANDLER@4
                0x00104744                __ZN4SLAB5ALLOCEm@8
                0x00104134                _PMM_INIT@4
                0x001017d4                _GETDATEBCD@0
                0x00103424                _INTTOSTR@8
                0x001009b4                _GDT_FIND_FREE@0
                0x00107134                _MOUSE_INT_HANDLER@4
                0x001081d4                _STR2FAT@8
                0x0010c014                __ZN10FILEHANDLE4OPENEPh@8
                0x001045e4                __ZN12SLABMETADATA5KFREEEPv@8
                0x00107324                _MOUSE_READ@0
                0x00108684                __ZN16FAT_FS_RESSOURCE13FIND_FATENTRYEm@8
                0x00107354                _MOUSE_DATA_ARIVED@4
                0x00102654                _CONSOLESCROLL@0
                0x001048e4                _KFREE@4
                0x00103594                _MEMCPY@12
                0x00105204                _IRQ_SET_THREAD_HANDLER@16
                0x00102474                _CONSOLEWRITENUMBER@8
                0x00109dc4                _EXITCRITICAL@0
                0x0010bd54                __ZN9SEMAPHORE7SEMLOCKEP6THREAD@8
                0x001071d4                _MOUSE_INSTALL@0
                0x0010bf14                __ZN10FILEHANDLED1Ev
                0x00105634                _DEVMGR_CREATE_DEVICE@4
                0x0010c244                __ZN10FILEHANDLE8READLINEEPh@8
                0x001056d4                _DEVMGR_CREATE_CHAR_DEVICE@4
                0x0010a7f4                __ZN15THREADSCHEDULER6SWITCHEP9IRQ_STACKP6THREAD@12
                0x001025d4                _CONSOLENEWLINE@0
                0x00103ba4                _TOBJECTDESTROY@4
                0x00101ee4                _CONSOLEPUTCHAR@4
                0x00103964                _ATOL@4
                0x0010a614                __ZN11THREADQUEUE6REMOVEEP6THREAD@8
                0x0010a1e4                __ZN6THREAD6CREATEEP7PROCESSPFvPvEm@12
                0x00106434                _HD_DETECT@4
                0x001023e4                _CONSOLEBACKSPACE@0
                0x00109cb4                __ZN7PROCESS23REQUESTTERMINATEPROCESSEPS_@4
                0x0010aa04                __ZN15THREADSCHEDULER16INCREASEPRIORITYEm@8
                0x0010bc74                __ZN9SEMAPHOREC1Ev
                0x0010acf4                _NEXTRANDOMNUMBER@8
                0x00109a24                __ZN7PROCESS6DOLOADEv@4
                0x00101e64                _CONSOLEWRITETEXTANDSIZE@12
                0x00109e84                _PROCESS_MANAGER@4
                0x001057a4                _VFS_SHOW_DESCRIPTORS@0
                0x0010c124                __ZN10FILEHANDLE5LSEEKEl10SEEKORIGIN@12
                0x00107544                _VESAGETINFO@0
                0x00105314                _IRQ_THREAD_TERMINATED@4
                0x00103ed4                __ZN7TSTRING4TRIMEv@4
                0x00104354                _PMM_FREEPAGE@4
                0x001035d4                _MEMCPY32@12
                0x0010a374                __ZN6THREAD9ADDTOLISTEv@4
                0x00103f64                __ZN7TSTRING7COMPAREEPh@8
                0x00104094                __ZN7TSTRING5ASINTEv@4
                0x00100ad4                _GDT_INIT@0
                0x001015c4                __ZN10VMMCONTEXT7RESOLVEEPv@8
                0x00104864                _PAGEALLOC@4
                0x001078f4                _VESARESETSCREEN@0
                0x00100f04                _VMM_INIT_LOCAL@0
                0x00103b54                __ZN7TOBJECTC1Ev
                0x00105494                __ZN10CHARDEVICEC1Ev
                0x00101cc4                _PIC_IS_SPURIOUS@4
                0x00101734                _MASK_IRQ@0
                0x00103f94                __ZN7TSTRING7INDEXOFEPh@8
                0x00101714                _UNMASK_IRQ@0
                0x00104b74                _SET_IDT@12
                0x00105804                _VFS_FORMAT@8
                0x0010c1a4                __ZN10FILEHANDLE4READEmPh@12
                0x001079a4                _FAT_SELECT@8
                0x001010c4                __ZN10VMMCONTEXT8ACTIVATEEv@4
                0x00106dc4                _KBD_PUTCHAR@4
                0x001024d4                _CONSOLEWRITE@4
                0x00104054                __ZN7TSTRING12ENDSWITHCHAREh@8
                0x00100f64                __ZN10VMMCONTEXTD1Ev
                0x001008b4                _INIT_KTSS@0
                0x00105f14                _VFS_LIST_DIR@20
                0x00106c04                _HD_WRITE@16
                0x001052b4                __ZN18IRQ_THREAD_HANDLER7DEQUEUEEv@4
                0x001019d4                _READ_RTC@0
                0x001029b4                _STRCONTAINS@8

.rodata
 *(.rodata)

.data           0x0010d000      0xb68
 *(.data)
 .data          0x0010d000      0xb68 obj/main.o

.ctors          0x0010db68        0x8
 .ctors         0x0010db68        0x8 obj/main.o

.dtors          0x0010db70        0x4
 .dtors         0x0010db70        0x4 obj/main.o

.bss            0x0010db74   0x5030d8
                0x0010db74                SBSS = .
 *(COMMON)
 *(.bss)
 .bss           0x0010db74   0x100000 obj/start.o
 .bss           0x0020db74   0x4030d8 obj/main.o
                0x00610c4c                EBSS = .
                0x00610c4c                _KERNEL_END = .
OUTPUT(bin/kernel.elf elf32-i386)

.rel.dyn        0x00610c4c        0x0
 .rel.text      0x00000000        0x0 obj/Interrupts.o
