
Memory Configuration

Name             Origin             Length             Attributes
*default*        0x00000000         0xffffffff

Linker script and memory map

LOAD obj/Interrupts.o
LOAD obj/start.o
LOAD obj/main.o
                0x00100000                . = 0x100000

.text           0x00100000     0x9ec8
                0x00100000                _KERNEL_START = .
 *(.text)
 .text          0x00100000      0x958 obj/Interrupts.o
                0x00100714                _INTERRUPT_TAB@0
 .text          0x00100958      0x1cf obj/start.o
                0x00100974                system_halt
                0x00100978                _realmode_begin
                0x0010095c                Mboot
                0x00100b27                _realmode_end
 *fill*         0x00100b27        0x1 00
 .text          0x00100b28     0x93a0 obj/main.o
                0x00108188                __ZN15THREADSCHEDULER17SETTHREADREALTIMEEP6THREADm@12
                0x00101d78                _GET_RTC_UPDATE_IN_PROGRESS_FLAG@0
                0x001024c8                __ZN11VIRTCONSOLE8ACTIVATEEv@4
                0x00109798                __ZN11IPCENDPOINT10CREATENAMEEPhP6THREADmm@16
                0x00101cf8                _PIC_INIT@0
                0x00109998                __ZN11IPCENDPOINTD1Ev
                0x00107e98                __ZN11THREADQUEUE10RTCDEQUEUEEv@4
                0x00109548                __ZN14USERMODEDEVICE4FINDEPh@4
                0x001035e8                _STRLASTINDEXOF@8
                0x00103358                _STRTRIM@4
                0x001063a8                _IRQ_ENABLE@4
                0x001054f8                _KALLOC@4
                0x00103c28                _STRCAT@8
                0x00102e58                _CONSOLECLEAR@0
                0x00101448                _VMM_KERNEL_AUTOMAP@12
                0x00106ac8                __ZN7PROCESSD1Ev
                0x00107878                _KERNEL_IDLE@4
                0x001077a8                __ZN6THREAD11INITMANAGEREv@0
                0x00103278                _STRLEN@4
                0x00106d88                __ZN7PROCESS9DOLOADELFEv@4
                0x001032b8                _STRWLEN@4
                0x00109648                _IPC_INIT@0
                0x00107808                __ZN6THREAD5READYEv@0
                0x00109178                _XAPPSIGNAL2PARAMETERS@16
                0x001025a8                __ZN11VIRTCONSOLE7PRINTOKEv@4
                0x001036b8                _STRNCMP@12
                0x00106bd8                __ZN7PROCESS13CREATECONSOLEEv@4
                0x00103308                _STRDLEN@4
                0x00102a18                __ZN11VIRTCONSOLE9WRITELINEEPh@8
                0x00105408                __ZN4SLAB11ISVALIDADDREPv@8
                0x001091f8                _XAPPSIGNAL6PARAMETERS@32
                0x001011d8                _GDT_CREATE_SEG@16
                0x00107b48                __ZN6THREAD6CREATEEP7PROCESSm@8
                0x00104e58                _PMM_STRIPE@8
                0x00101038                _GDT_DELETE@4
                0x00103168                _SQRT@8
                0x001096e8                __ZN11IPCENDPOINT10FINDBYNAMEEPh@4
                0x00102d58                _CONSOLEWRITESIGNED@4
                0x00103228                _FSIN@8
                0x00109338                __ZN9SEMAPHORED1Ev
                0x00106488                _IRQ_ATTACH_HANDLER@8
                0x001048d8                _ATOF@4
                0x00104ca8                _PMM_GET_FREEPAGES_COUNT@0
                0x00100df8                _DOREALMODEACTIONREG@32
                0x001041e8                _ULONGTOSTR@8
                0x001094a8                _UDEV_INIT@0
                0x00106b78                __ZN7PROCESS18CREATEADDRESSSPACEEm@8
                0x001037b8                _STRWCMP@8
                0x001015c8                __ZN10VMMCONTEXT10INITIALIZEEv@4
                0x00106938                __ZN7PROCESSC1Ev
                0x00103508                _STRINDEXOF@8
                0x001024e8                __ZN11VIRTCONSOLE7PUTCHAREa@8
                0x00108278                __ZN15THREADSCHEDULER8SCHEDULEEv@4
                0x001023e8                _CONSOLEINIT@0
                0x001031d8                _FCOS@8
                0x00102c68                _CONSOLEWRITETEXTANDHEX@12
                0x00108038                __ZN15THREADSCHEDULER12REMOVETHREADEP6THREAD@8
                0x001019f8                __ZN10VMMCONTEXT8MAP_PAGEEPvS0_m@16
                0x001017f8                __ZN10VMMCONTEXT14FREE_PAGETABLEEPm@8
                0x001084e8                _SYSCALL30HANDLER@4
                0x00102c28                _CONSOLESETBACKGROUND@4
                0x00108218                __ZN15THREADSCHEDULER14SETTHREADREADYEP6THREAD@8
                0x00105018                _SLABINIT@0
                0x00105468                _KMM_ALLOCPAGE@0
                0x00107758                _ENTERCRITICAL@0
                0x001013e8                _VMM_EXIT@0
                0x00101db8                _GET_RTC_REGISTER@4
                0x00104b98                _ATOLHEX@4
                0x001043c8                _UINTTOSTR@8
                0x00102c48                _CONSOLEWRITELINE@4
                0x00106388                _DEFAULTIRQHANDLER@4
                0x001078f8                __ZN6THREADD1Ev
                0x00107798                _THREADSLEEP@0
                0x00106668                _VESAPROBE@0
                0x001065c8                _VESAGETMODEINFO@4
                0x001073d8                __ZN7PROCESS9TERMINATEEPS_Pv@8
                0x00104c78                _ABSOLUTE@4
                0x00109d48                _IPCSEND@40
                0x00100cc8                _DOREALMODEACTION@4
                0x00101b78                __ZN10VMMCONTEXT10UNMAP_PAGEEPv@8
                0x00100b28                _MAIN@4
                0x001051a8                __ZN12SLABMETADATA11ISVALIDADDREPv@8
                0x001045a8                _STRCPY@8
                0x00107448                __ZN7PROCESS12TERMINATENOWEPS_@4
                0x00101308                _VMM_INIT@0
                0x00101488                _VMM_KERNEL_UNMAP@8
                0x001079a8                __ZN6THREAD9CREATESYSEPFvPvE@4
                0x001054a8                _KMM_FREEPAGE@4
                0x00103728                _STRCMP@8
                0x00104608                _memcpy
                0x00102e68                _CONSOLEUPDATECURSOR@0
                0x001098b8                __ZN11IPCENDPOINT12CREATECOMMONEPS_P6THREADmm@16
                0x00104748                _memset
                0x00107248                __ZN7PROCESS6CREATEEP17EXECUTABLE_HEADERmPh@12
                0x001049d8                _ATOIHEX@4
                0x00107898                _INT20HANDLER@4
                0x00109758                __ZN11IPCENDPOINT5NEWIDEv@0
                0x00100c08                _KERNEL_ERROR@8
                0x001067d8                _VESASETMODE@4
                0x00102d98                _CONSOLEWRITEUNUMBER@8
                0x00109688                __ZN11IPCENDPOINT8FINDBYIDEm@4
                0x00104fa8                _GETSMALLESTPOWEROFTWOO@4
                0x00107de8                __ZN11THREADQUEUE11ENQUEUETAILEP6THREAD@8
                0x00101b98                __ZN10VMMCONTEXT11UNMAP_RANGEEPvm@12
                0x00105818                _INT_HANDLER@4
                0x00104788                _MEMSET32@12
                0x00104628                _MEMCPY16@12
                0x00101958                __ZN10VMMCONTEXT7AUTOMAPEPvmmmm@24
                0x00101258                _LDT_SET_GATE@20
                0x00101738                __ZN10VMMCONTEXT13GET_PAGETABLEEm@8
                0x00107d58                __ZN11THREADQUEUEC1Ev
                0x00109ae8                __ZN11IPCENDPOINT7DEQUEUEEv@4
                0x00105398                __ZN4SLAB4FREEEPv@8
                0x00106418                _IRQ_DISABLE@4
                0x00101828                __ZN10VMMCONTEXT15FIND_FREE_PAGESEmmm@16
                0x00106918                __ZN7PROCESS10INITENGINEEv@0
                0x001056e8                _INTERRUPTSMANAGER_INIT@0
                0x00109a98                __ZN11IPCENDPOINT7ENQUEUEEP10IPCMESSAGE@8
                0x00109b48                __ZN11IPCENDPOINT14PROCESSRECEIVEEv@4
                0x00101228                _GDT_SET_GATE@20
                0x00105548                __ZN9IRQ_STACK4DUMPEv@4
                0x001064c8                _IRQ_SEND_ACK@4
                0x001038e8                _STRTOUPPER@4
                0x001064a8                _IRQ_DETACH_HANDLER@4
                0x001047a8                _ATOI@4
                0x00107ce8                __ZN6THREAD6DOWAITEP9IRQ_STACK@8
                0x00104ea8                _PMM_ALLOCPAGE@0
                0x00102df8                _CONSOLEPRINTOK@0
                0x001076b8                __ZN17ADDRESSSPACEENTRY8COPYFROMEPvm@12
                0x00107fb8                __ZN15THREADSCHEDULERC1Ev
                0x00101b08                __ZN10VMMCONTEXT9MAP_RANGEEPvS0_S0_m@20
                0x00108248                __ZN15THREADSCHEDULER11THREADCOUNTEv@4
                0x00109ce8                _IPCSENDBODY@12
                0x00102e78                _MODULES_INIT@4
                0x00100c78                _REALMODE_INIT@0
                0x00103cf8                _FTOA@12
                0x00101428                _VMM_GET_CURRENT_CONTEXT@0
                0x001072f8                __ZN7PROCESS9ADDTHREADEPv@8
                0x00105078                __ZN12SLABMETADATA6KALLOCEm@8
                0x00109078                _SYSCALL31HANDLER@4
                0x00109448                __ZN9SEMAPHORE9SEMUNLOCKEP6THREAD@8
                0x00103f08                _FLOATTOSTR@4
                0x001075f8                __ZN17ADDRESSSPACEENTRYD1Ev
                0x00101f18                _GETTIMEBCD@0
                0x00103a38                _STRTOLOWER@4
                0x00102498                __ZN11VIRTCONSOLED1Ev
                0x00105208                __ZN4SLAB4INITEt@8
                0x00103008                _MODULES_PRE_INIT@4
                0x00104078                _DOUBLETOSTR@8
                0x00102c98                _CONSOLEWRITETEXTANDDEC@12
                0x00103af8                _SUBSTRING@12
                0x00101c88                _SET_TIMER_FREQ@4
                0x00102388                __ZN8SPINLOCK7ACQUIREEv@4
                0x00102c08                _CONSOLESETFOREGROUND@4
                0x00104768                _MEMSET16@12
                0x00107e38                __ZN11THREADQUEUE7DEQUEUEEv@4
                0x00101698                __ZN10VMMCONTEXT4SYNCEv@4
                0x00102e08                _CONSOLEPRINTFAIL@0
                0x00103bc8                _STRENDSWITH@8
                0x00103858                _STRREV@4
                0x001052e8                __ZN4SLAB5ALLOCEm@8
                0x00104cc8                _PMM_INIT@4
                0x00101df8                _GETDATEBCD@0
                0x001044a8                _INTTOSTR@8
                0x00100f68                _GDT_FIND_FREE@0
                0x00106fa8                __ZN7PROCESS14PARSEARGUMENTSEv@4
                0x001023c8                __ZN8SPINLOCK7RELEASEEv@4
                0x001094b8                __ZN14USERMODEDEVICE6CREATEEPhP6THREADmm@16
                0x00102798                __ZN11VIRTCONSOLE9PRINTFAILEv@4
                0x001039a8                _STRTOLOWERFIX@4
                0x00102b28                __ZN11VIRTCONSOLE7NEWLINEEv@4
                0x00105158                __ZN12SLABMETADATA5KFREEEPv@8
                0x00105528                _KFREE@4
                0x001046c8                _MEMCPY64@12
                0x00102db8                _CONSOLEWRITENUMBER@8
                0x00107778                _EXITCRITICAL@0
                0x00109398                __ZN9SEMAPHORE7SEMLOCKEP6THREAD@8
                0x00106c68                __ZN7PROCESS11FREECONSOLEEv@4
                0x00108078                __ZN15THREADSCHEDULER6SWITCHEP9IRQ_STACKP6THREAD@12
                0x00102e48                _CONSOLENEWLINE@0
                0x00102dd8                _CONSOLEPUTCHAR@4
                0x00104ab8                _ATOL@4
                0x001095a8                __ZN14USERMODEDEVICE6INVOKEEmP6THREADmmmm@24
                0x00107f08                __ZN11THREADQUEUE6REMOVEEP6THREAD@8
                0x00107da8                __ZN11THREADQUEUE11ENQUEUEHEADEP6THREAD@8
                0x00102998                __ZN11VIRTCONSOLE9BACKSPACEEv@4
                0x00102e18                _CONSOLEBACKSPACE@0
                0x00107328                __ZN7PROCESS23REQUESTTERMINATEPROCESSEPS_@4
                0x001092b8                __ZN9SEMAPHOREC1Ev
                0x00108398                _NEXTRANDOMNUMBER@8
                0x00106eb8                __ZN7PROCESS6DOLOADEv@4
                0x00102b58                __ZN11VIRTCONSOLE6SCROLLEv@4
                0x001042c8                _LONGTOSTR@8
                0x00109818                __ZN11IPCENDPOINT8CREATEIDEmP6THREADmm@16
                0x00102cc8                _CONSOLEWRITETEXTANDSIZE@12
                0x00107828                _PROCESS_MANAGER@4
                0x00102bb8                __ZN11VIRTCONSOLE5CLEAREv@4
                0x00106558                _VESAGETINFO@0
                0x001064e8                _IRQ_THREAD_TERMINATED@4
                0x00104668                _MEMCPY512@12
                0x00109958                __ZN10IPCMESSAGED1Ev
                0x001081e8                __ZN15THREADSCHEDULER17SETTHREADREADYNOWEP6THREAD@8
                0x00104f28                _PMM_FREEPAGE@4
                0x00104648                _MEMCPY32@12
                0x00107cc8                __ZN6THREAD9ADDTOLISTEv@4
                0x00101088                _GDT_INIT@0
                0x00101be8                __ZN10VMMCONTEXT7RESOLVEEPv@8
                0x001068f8                _VESARESETSCREEN@0
                0x00102a38                __ZN11VIRTCONSOLE5WRITEEPh@8
                0x001014b8                _VMM_INIT_LOCAL@0
                0x001074e8                __ZN17ADDRESSSPACEENTRY4SBRKEm@8
                0x00102368                __ZN8SPINLOCK4INITEv@4
                0x001022e8                _PIC_IS_SPURIOUS@4
                0x00101d58                _MASK_IRQ@0
                0x00101d38                _UNMASK_IRQ@0
                0x001057b8                _SET_IDT@12
                0x001016e8                __ZN10VMMCONTEXT8ACTIVATEEv@4
                0x00102e28                _CONSOLEWRITE@4
                0x00101548                __ZN10VMMCONTEXTD1Ev
                0x00100e68                _INIT_KTSS@0
                0x00106d18                __ZN7PROCESS10DOLOADFLATEv@4
                0x00101ff8                _READ_RTC@0
                0x001034e8                _STRCONTAINS@8

.rodata
 *(.rodata)

.data           0x0010a000      0xab8
 *(.data)
 .data          0x0010a000      0xab8 obj/main.o

.ctors          0x0010aab8        0x8
 .ctors         0x0010aab8        0x8 obj/main.o

.dtors          0x0010aac0        0x4
 .dtors         0x0010aac0        0x4 obj/main.o

.bss            0x0010aac4   0x502458
                0x0010aac4                SBSS = .
 *(COMMON)
 *(.bss)
 .bss           0x0010aac4   0x100000 obj/start.o
 .bss           0x0020aac4   0x402458 obj/main.o
                0x0060cf1c                EBSS = .
                0x0060cf1c                _KERNEL_END = .
OUTPUT(bin/kernel.elf elf32-i386)

.rel.dyn        0x0060cf1c        0x0
 .rel.text      0x00000000        0x0 obj/Interrupts.o
